Archive member included to satisfy reference by file (symbol)

c:/programdata/chocolatey/lib/gcc-arm-embedded/tools/gcc-arm-none-eabi-10-2020-q4-major/bin/../lib/gcc/arm-none-eabi/10.2.1/../../../../arm-none-eabi/lib/thumb/v6-m/nofp\libc_nano.a(lib_a-exit.o)
                              c:/programdata/chocolatey/lib/gcc-arm-embedded/tools/gcc-arm-none-eabi-10-2020-q4-major/bin/../lib/gcc/arm-none-eabi/10.2.1/../../../../arm-none-eabi/lib/thumb/v6-m/nofp/crt0.o (exit)
c:/programdata/chocolatey/lib/gcc-arm-embedded/tools/gcc-arm-none-eabi-10-2020-q4-major/bin/../lib/gcc/arm-none-eabi/10.2.1/../../../../arm-none-eabi/lib/thumb/v6-m/nofp\libc_nano.a(lib_a-impure.o)
                              c:/programdata/chocolatey/lib/gcc-arm-embedded/tools/gcc-arm-none-eabi-10-2020-q4-major/bin/../lib/gcc/arm-none-eabi/10.2.1/../../../../arm-none-eabi/lib/thumb/v6-m/nofp\libc_nano.a(lib_a-exit.o) (_global_impure_ptr)
c:/programdata/chocolatey/lib/gcc-arm-embedded/tools/gcc-arm-none-eabi-10-2020-q4-major/bin/../lib/gcc/arm-none-eabi/10.2.1/../../../../arm-none-eabi/lib/thumb/v6-m/nofp\libc_nano.a(lib_a-init.o)
                              c:/programdata/chocolatey/lib/gcc-arm-embedded/tools/gcc-arm-none-eabi-10-2020-q4-major/bin/../lib/gcc/arm-none-eabi/10.2.1/../../../../arm-none-eabi/lib/thumb/v6-m/nofp/crt0.o (__libc_init_array)
c:/programdata/chocolatey/lib/gcc-arm-embedded/tools/gcc-arm-none-eabi-10-2020-q4-major/bin/../lib/gcc/arm-none-eabi/10.2.1/../../../../arm-none-eabi/lib/thumb/v6-m/nofp\libc_nano.a(lib_a-memset.o)
                              c:/programdata/chocolatey/lib/gcc-arm-embedded/tools/gcc-arm-none-eabi-10-2020-q4-major/bin/../lib/gcc/arm-none-eabi/10.2.1/../../../../arm-none-eabi/lib/thumb/v6-m/nofp/crt0.o (memset)
c:/programdata/chocolatey/lib/gcc-arm-embedded/tools/gcc-arm-none-eabi-10-2020-q4-major/bin/../lib/gcc/arm-none-eabi/10.2.1/../../../../arm-none-eabi/lib/thumb/v6-m/nofp\libnosys.a(_exit.o)
                              c:/programdata/chocolatey/lib/gcc-arm-embedded/tools/gcc-arm-none-eabi-10-2020-q4-major/bin/../lib/gcc/arm-none-eabi/10.2.1/../../../../arm-none-eabi/lib/thumb/v6-m/nofp\libc_nano.a(lib_a-exit.o) (_exit)
c:/programdata/chocolatey/lib/gcc-arm-embedded/tools/gcc-arm-none-eabi-10-2020-q4-major/bin/../lib/gcc/arm-none-eabi/10.2.1/thumb/v6-m/nofp\libgcc.a(_udivsi3.o)
                              build/stm32l0xx_hal.o (__aeabi_uidiv)
c:/programdata/chocolatey/lib/gcc-arm-embedded/tools/gcc-arm-none-eabi-10-2020-q4-major/bin/../lib/gcc/arm-none-eabi/10.2.1/thumb/v6-m/nofp\libgcc.a(_dvmd_tls.o)
                              c:/programdata/chocolatey/lib/gcc-arm-embedded/tools/gcc-arm-none-eabi-10-2020-q4-major/bin/../lib/gcc/arm-none-eabi/10.2.1/thumb/v6-m/nofp\libgcc.a(_udivsi3.o) (__aeabi_idiv0)
c:/programdata/chocolatey/lib/gcc-arm-embedded/tools/gcc-arm-none-eabi-10-2020-q4-major/bin/../lib/gcc/arm-none-eabi/10.2.1/thumb/v6-m/nofp\libgcc.a(_aeabi_uldivmod.o)
                              build/stm32l0xx_hal_rcc.o (__aeabi_uldivmod)
c:/programdata/chocolatey/lib/gcc-arm-embedded/tools/gcc-arm-none-eabi-10-2020-q4-major/bin/../lib/gcc/arm-none-eabi/10.2.1/thumb/v6-m/nofp\libgcc.a(_muldi3.o)
                              build/stm32l0xx_hal_rcc.o (__aeabi_lmul)
c:/programdata/chocolatey/lib/gcc-arm-embedded/tools/gcc-arm-none-eabi-10-2020-q4-major/bin/../lib/gcc/arm-none-eabi/10.2.1/thumb/v6-m/nofp\libgcc.a(_udivmoddi4.o)
                              c:/programdata/chocolatey/lib/gcc-arm-embedded/tools/gcc-arm-none-eabi-10-2020-q4-major/bin/../lib/gcc/arm-none-eabi/10.2.1/thumb/v6-m/nofp\libgcc.a(_aeabi_uldivmod.o) (__udivmoddi4)
c:/programdata/chocolatey/lib/gcc-arm-embedded/tools/gcc-arm-none-eabi-10-2020-q4-major/bin/../lib/gcc/arm-none-eabi/10.2.1/thumb/v6-m/nofp\libgcc.a(_clzdi2.o)
                              c:/programdata/chocolatey/lib/gcc-arm-embedded/tools/gcc-arm-none-eabi-10-2020-q4-major/bin/../lib/gcc/arm-none-eabi/10.2.1/thumb/v6-m/nofp\libgcc.a(_udivmoddi4.o) (__clzdi2)
c:/programdata/chocolatey/lib/gcc-arm-embedded/tools/gcc-arm-none-eabi-10-2020-q4-major/bin/../lib/gcc/arm-none-eabi/10.2.1/thumb/v6-m/nofp\libgcc.a(_clzsi2.o)
                              c:/programdata/chocolatey/lib/gcc-arm-embedded/tools/gcc-arm-none-eabi-10-2020-q4-major/bin/../lib/gcc/arm-none-eabi/10.2.1/thumb/v6-m/nofp\libgcc.a(_clzdi2.o) (__clzsi2)

Discarded input sections

 .text          0x00000000        0x0 c:/programdata/chocolatey/lib/gcc-arm-embedded/tools/gcc-arm-none-eabi-10-2020-q4-major/bin/../lib/gcc/arm-none-eabi/10.2.1/thumb/v6-m/nofp/crti.o
 .data          0x00000000        0x0 c:/programdata/chocolatey/lib/gcc-arm-embedded/tools/gcc-arm-none-eabi-10-2020-q4-major/bin/../lib/gcc/arm-none-eabi/10.2.1/thumb/v6-m/nofp/crti.o
 .bss           0x00000000        0x0 c:/programdata/chocolatey/lib/gcc-arm-embedded/tools/gcc-arm-none-eabi-10-2020-q4-major/bin/../lib/gcc/arm-none-eabi/10.2.1/thumb/v6-m/nofp/crti.o
[...]
Memory Configuration

Name             Origin             Length             Attributes
RAM              0x20000000         0x00000800         xrw
FLASH            0x08000000         0x00004000         xr
*default*        0x00000000         0xffffffff

Linker script and memory map

LOAD c:/programdata/chocolatey/lib/gcc-arm-embedded/tools/gcc-arm-none-eabi-10-2020-q4-major/bin/../lib/gcc/arm-none-eabi/10.2.1/thumb/v6-m/nofp/crti.o
LOAD c:/programdata/chocolatey/lib/gcc-arm-embedded/tools/gcc-arm-none-eabi-10-2020-q4-major/bin/../lib/gcc/arm-none-eabi/10.2.1/thumb/v6-m/nofp/crtbegin.o
LOAD c:/programdata/chocolatey/lib/gcc-arm-embedded/tools/gcc-arm-none-eabi-10-2020-q4-major/bin/../lib/gcc/arm-none-eabi/10.2.1/../../../../arm-none-eabi/lib/thumb/v6-m/nofp/crt0.o
LOAD build/main.o
LOAD build/stm32l0xx_it.o
LOAD build/stm32l0xx_hal_msp.o
LOAD build/stm32l0xx_hal_crc.o
LOAD build/stm32l0xx_hal_crc_ex.o
LOAD build/stm32l0xx_hal.o
LOAD build/stm32l0xx_hal_i2c.o
LOAD build/stm32l0xx_hal_i2c_ex.o
LOAD build/stm32l0xx_hal_rcc.o
LOAD build/stm32l0xx_hal_rcc_ex.o
LOAD build/stm32l0xx_hal_flash_ramfunc.o
LOAD build/stm32l0xx_hal_flash.o
LOAD build/stm32l0xx_hal_flash_ex.o
LOAD build/stm32l0xx_hal_gpio.o
LOAD build/stm32l0xx_hal_dma.o
LOAD build/stm32l0xx_hal_pwr.o
LOAD build/stm32l0xx_hal_pwr_ex.o
LOAD build/stm32l0xx_hal_cortex.o
LOAD build/stm32l0xx_hal_exti.o
LOAD build/stm32l0xx_hal_tim.o
LOAD build/stm32l0xx_hal_tim_ex.o
LOAD build/stm32l0xx_hal_uart.o
LOAD build/stm32l0xx_hal_uart_ex.o
LOAD build/system_stm32l0xx.o
LOAD build/stm32l0xx_hal_spi.o
LOAD build/startup_stm32l011xx.o
LOAD c:/programdata/chocolatey/lib/gcc-arm-embedded/tools/gcc-arm-none-eabi-10-2020-q4-major/bin/../lib/gcc/arm-none-eabi/10.2.1/../../../../arm-none-eabi/lib/thumb/v6-m/nofp\libc_nano.a
LOAD c:/programdata/chocolatey/lib/gcc-arm-embedded/tools/gcc-arm-none-eabi-10-2020-q4-major/bin/../lib/gcc/arm-none-eabi/10.2.1/../../../../arm-none-eabi/lib/thumb/v6-m/nofp\libm.a
LOAD c:/programdata/chocolatey/lib/gcc-arm-embedded/tools/gcc-arm-none-eabi-10-2020-q4-major/bin/../lib/gcc/arm-none-eabi/10.2.1/../../../../arm-none-eabi/lib/thumb/v6-m/nofp\libnosys.a
START GROUP
LOAD c:/programdata/chocolatey/lib/gcc-arm-embedded/tools/gcc-arm-none-eabi-10-2020-q4-major/bin/../lib/gcc/arm-none-eabi/10.2.1/thumb/v6-m/nofp\libgcc.a
LOAD c:/programdata/chocolatey/lib/gcc-arm-embedded/tools/gcc-arm-none-eabi-10-2020-q4-major/bin/../lib/gcc/arm-none-eabi/10.2.1/../../../../arm-none-eabi/lib/thumb/v6-m/nofp\libc_nano.a
END GROUP
START GROUP
LOAD c:/programdata/chocolatey/lib/gcc-arm-embedded/tools/gcc-arm-none-eabi-10-2020-q4-major/bin/../lib/gcc/arm-none-eabi/10.2.1/thumb/v6-m/nofp\libgcc.a
LOAD c:/programdata/chocolatey/lib/gcc-arm-embedded/tools/gcc-arm-none-eabi-10-2020-q4-major/bin/../lib/gcc/arm-none-eabi/10.2.1/../../../../arm-none-eabi/lib/thumb/v6-m/nofp\libc_nano.a
END GROUP
LOAD c:/programdata/chocolatey/lib/gcc-arm-embedded/tools/gcc-arm-none-eabi-10-2020-q4-major/bin/../lib/gcc/arm-none-eabi/10.2.1/thumb/v6-m/nofp/crtend.o
LOAD c:/programdata/chocolatey/lib/gcc-arm-embedded/tools/gcc-arm-none-eabi-10-2020-q4-major/bin/../lib/gcc/arm-none-eabi/10.2.1/thumb/v6-m/nofp/crtn.o
                0x20000800                _estack = (ORIGIN (RAM) + LENGTH (RAM))
                0x00000200                _Min_Heap_Size = 0x200
                0x00000400                _Min_Stack_Size = 0x400

.isr_vector     0x08000000       0xc0
                0x08000000                . = ALIGN (0x4)
 *(.isr_vector)
 .isr_vector    0x08000000       0xc0 build/startup_stm32l011xx.o
                0x08000000                g_pfnVectors
                0x080000c0                . = ALIGN (0x4)

.text           0x080000c0     0x1f34
                0x080000c0                . = ALIGN (0x4)
 *(.text)
 .text          0x080000c0       0x48 c:/programdata/chocolatey/lib/gcc-arm-embedded/tools/gcc-arm-none-eabi-10-2020-q4-major/bin/../lib/gcc/arm-none-eabi/10.2.1/thumb/v6-m/nofp/crtbegin.o
 .text          0x08000108      0x114 c:/programdata/chocolatey/lib/gcc-arm-embedded/tools/gcc-arm-none-eabi-10-2020-q4-major/bin/../lib/gcc/arm-none-eabi/10.2.1/thumb/v6-m/nofp\libgcc.a(_udivsi3.o)
                0x08000108                __aeabi_uidiv
                0x08000108                __udivsi3
                0x08000214                __aeabi_uidivmod
 .text          0x0800021c        0x4 c:/programdata/chocolatey/lib/gcc-arm-embedded/tools/gcc-arm-none-eabi-10-2020-q4-major/bin/../lib/gcc/arm-none-eabi/10.2.1/thumb/v6-m/nofp\libgcc.a(_dvmd_tls.o)
                0x0800021c                __aeabi_idiv0
                0x0800021c                __aeabi_ldiv0
 .text          0x08000220       0x40 c:/programdata/chocolatey/lib/gcc-arm-embedded/tools/gcc-arm-none-eabi-10-2020-q4-major/bin/../lib/gcc/arm-none-eabi/10.2.1/thumb/v6-m/nofp\libgcc.a(_aeabi_uldivmod.o)
                0x08000220                __aeabi_uldivmod
 .text          0x08000260       0x5c c:/programdata/chocolatey/lib/gcc-arm-embedded/tools/gcc-arm-none-eabi-10-2020-q4-major/bin/../lib/gcc/arm-none-eabi/10.2.1/thumb/v6-m/nofp\libgcc.a(_muldi3.o)
                0x08000260                __muldi3
                0x08000260                __aeabi_lmul
 .text          0x080002bc      0x198 c:/programdata/chocolatey/lib/gcc-arm-embedded/tools/gcc-arm-none-eabi-10-2020-q4-major/bin/../lib/gcc/arm-none-eabi/10.2.1/thumb/v6-m/nofp\libgcc.a(_udivmoddi4.o)
                0x080002bc                __udivmoddi4
 .text          0x08000454       0x18 c:/programdata/chocolatey/lib/gcc-arm-embedded/tools/gcc-arm-none-eabi-10-2020-q4-major/bin/../lib/gcc/arm-none-eabi/10.2.1/thumb/v6-m/nofp\libgcc.a(_clzdi2.o)
                0x08000454                __clzdi2
 .text          0x0800046c       0x3c c:/programdata/chocolatey/lib/gcc-arm-embedded/tools/gcc-arm-none-eabi-10-2020-q4-major/bin/../lib/gcc/arm-none-eabi/10.2.1/thumb/v6-m/nofp\libgcc.a(_clzsi2.o)
                0x0800046c                __clzsi2
 *(.text*)
 .text.MX_GPIO_Init
                0x080004a8       0x9c build/main.o
 .text.Error_Handler
                0x08000544        0x4 build/main.o
                0x08000544                Error_Handler
 .text.MX_CRC_Init
                0x08000548       0x2c build/main.o
 .text.MX_LPUART1_UART_Init
                0x08000574       0x3c build/main.o
 .text.MX_SPI1_Init
                0x080005b0       0x40 build/main.o
 .text.SystemClock_Config
                0x080005f0       0xa0 build/main.o
                0x080005f0                SystemClock_Config
 .text.main     0x08000690       0x40 build/main.o
                0x08000690                main
 .text.NMI_Handler
                0x080006d0        0x2 build/stm32l0xx_it.o
                0x080006d0                NMI_Handler
 .text.HardFault_Handler
                0x080006d2        0x2 build/stm32l0xx_it.o
                0x080006d2                HardFault_Handler
 .text.SVC_Handler
                0x080006d4        0x2 build/stm32l0xx_it.o
                0x080006d4                SVC_Handler
 .text.PendSV_Handler
                0x080006d6        0x2 build/stm32l0xx_it.o
                0x080006d6                PendSV_Handler
 .text.SysTick_Handler
                0x080006d8        0x8 build/stm32l0xx_it.o
                0x080006d8                SysTick_Handler
 .text.LPUART1_IRQHandler
                0x080006e0       0x2c build/stm32l0xx_it.o
                0x080006e0                LPUART1_IRQHandler
 .text.HAL_MspInit
                0x0800070c       0x1c build/stm32l0xx_hal_msp.o
                0x0800070c                HAL_MspInit
 .text.HAL_CRC_MspInit
                0x08000728       0x2c build/stm32l0xx_hal_msp.o
                0x08000728                HAL_CRC_MspInit
 .text.HAL_UART_MspInit
                0x08000754       0x6c build/stm32l0xx_hal_msp.o
                0x08000754                HAL_UART_MspInit
 .text.HAL_SPI_MspInit
                0x080007c0       0x80 build/stm32l0xx_hal_msp.o
                0x080007c0                HAL_SPI_MspInit
 .text.HAL_CRC_Init
                0x08000840       0x84 build/stm32l0xx_hal_crc.o
                0x08000840                HAL_CRC_Init
 .text.HAL_CRCEx_Polynomial_Set
                0x080008c4       0x60 build/stm32l0xx_hal_crc_ex.o
                0x080008c4                HAL_CRCEx_Polynomial_Set
 .text.HAL_InitTick
                0x08000924       0x50 build/stm32l0xx_hal.o
                0x08000924                HAL_InitTick
 .text.HAL_Init
                0x08000974       0x28 build/stm32l0xx_hal.o
                0x08000974                HAL_Init
 .text.HAL_IncTick
                0x0800099c       0x18 build/stm32l0xx_hal.o
                0x0800099c                HAL_IncTick
 .text.HAL_GetTick
                0x080009b4        0xc build/stm32l0xx_hal.o
                0x080009b4                HAL_GetTick
 .text.HAL_RCC_GetSysClockFreq
                0x080009c0       0xb0 build/stm32l0xx_hal_rcc.o
                0x080009c0                HAL_RCC_GetSysClockFreq
 .text.HAL_RCC_OscConfig
                0x08000a70      0x51c build/stm32l0xx_hal_rcc.o
                0x08000a70                HAL_RCC_OscConfig
 .text.HAL_RCC_ClockConfig
                0x08000f8c      0x1d8 build/stm32l0xx_hal_rcc.o
                0x08000f8c                HAL_RCC_ClockConfig
 .text.HAL_RCC_GetHCLKFreq
                0x08001164        0xc build/stm32l0xx_hal_rcc.o
                0x08001164                HAL_RCC_GetHCLKFreq
 .text.HAL_RCC_GetPCLK1Freq
                0x08001170       0x20 build/stm32l0xx_hal_rcc.o
                0x08001170                HAL_RCC_GetPCLK1Freq
 .text.HAL_RCC_GetPCLK2Freq
                0x08001190       0x20 build/stm32l0xx_hal_rcc.o
                0x08001190                HAL_RCC_GetPCLK2Freq
 .text.HAL_RCCEx_PeriphCLKConfig
                0x080011b0      0x1a4 build/stm32l0xx_hal_rcc_ex.o
                0x080011b0                HAL_RCCEx_PeriphCLKConfig
 .text.HAL_GPIO_Init
                0x08001354      0x174 build/stm32l0xx_hal_gpio.o
                0x08001354                HAL_GPIO_Init
 .text.HAL_GPIO_WritePin
                0x080014c8        0xc build/stm32l0xx_hal_gpio.o
                0x080014c8                HAL_GPIO_WritePin
 .text.HAL_NVIC_SetPriority
                0x080014d4       0x60 build/stm32l0xx_hal_cortex.o
                0x080014d4                HAL_NVIC_SetPriority
 .text.HAL_NVIC_EnableIRQ
                0x08001534       0x18 build/stm32l0xx_hal_cortex.o
                0x08001534                HAL_NVIC_EnableIRQ
 .text.HAL_SYSTICK_Config
                0x0800154c       0x38 build/stm32l0xx_hal_cortex.o
                0x0800154c                HAL_SYSTICK_Config
 .text.HAL_UART_RxCpltCallback
                0x08001584        0x2 build/stm32l0xx_hal_uart.o
                0x08001584                HAL_UART_RxCpltCallback
 .text.HAL_UARTEx_RxEventCallback
                0x08001586        0x2 build/stm32l0xx_hal_uart.o
                0x08001586                HAL_UARTEx_RxEventCallback
 .text.UART_RxISR_8BIT
                0x08001588       0xb0 build/stm32l0xx_hal_uart.o
 .text.UART_RxISR_16BIT
                0x08001638       0xb0 build/stm32l0xx_hal_uart.o
 .text.UART_SetConfig
                0x080016e8      0x268 build/stm32l0xx_hal_uart.o
                0x080016e8                UART_SetConfig
 .text.UART_AdvFeatureConfig
                0x08001950       0xe0 build/stm32l0xx_hal_uart.o
                0x08001950                UART_AdvFeatureConfig
 .text.UART_WaitOnFlagUntilTimeout
                0x08001a30       0xdc build/stm32l0xx_hal_uart.o
                0x08001a30                UART_WaitOnFlagUntilTimeout
 .text.HAL_UART_Transmit
                0x08001b0c      0x102 build/stm32l0xx_hal_uart.o
                0x08001b0c                HAL_UART_Transmit
 *fill*         0x08001c0e        0x2 
 .text.UART_CheckIdleState
                0x08001c10       0x70 build/stm32l0xx_hal_uart.o
                0x08001c10                UART_CheckIdleState
 .text.HAL_UART_Init
                0x08001c80       0x6c build/stm32l0xx_hal_uart.o
                0x08001c80                HAL_UART_Init
 .text.UART_Start_Receive_IT
                0x08001cec       0xd8 build/stm32l0xx_hal_uart.o
                0x08001cec                UART_Start_Receive_IT
 .text.HAL_UART_Receive_IT
                0x08001dc4       0x7c build/stm32l0xx_hal_uart.o
                0x08001dc4                HAL_UART_Receive_IT
 .text.SystemInit
                0x08001e40        0x2 build/system_stm32l0xx.o
                0x08001e40                SystemInit
 .text.HAL_SPI_Init
                0x08001e42       0xbe build/stm32l0xx_hal_spi.o
                0x08001e42                HAL_SPI_Init
 .text.Reset_Handler
                0x08001f00       0x80 build/startup_stm32l011xx.o
                0x08001f00                Reset_Handler
 .text.Default_Handler
                0x08001f80        0x2 build/startup_stm32l011xx.o
                0x08001f80                ADC1_COMP_IRQHandler
                0x08001f80                PVD_IRQHandler
                0x08001f80                I2C1_IRQHandler
                0x08001f80                SPI1_IRQHandler
                0x08001f80                EXTI2_3_IRQHandler
                0x08001f80                RTC_IRQHandler
                0x08001f80                EXTI4_15_IRQHandler
                0x08001f80                RCC_IRQHandler
                0x08001f80                DMA1_Channel1_IRQHandler
                0x08001f80                Default_Handler
                0x08001f80                DMA1_Channel4_5_IRQHandler
                0x08001f80                EXTI0_1_IRQHandler
                0x08001f80                TIM21_IRQHandler
                0x08001f80                WWDG_IRQHandler
                0x08001f80                TIM2_IRQHandler
                0x08001f80                DMA1_Channel2_3_IRQHandler
                0x08001f80                USART2_IRQHandler
                0x08001f80                FLASH_IRQHandler
                0x08001f80                LPTIM1_IRQHandler
 *fill*         0x08001f82        0x2 
 .text.__libc_init_array
                0x08001f84       0x48 c:/programdata/chocolatey/lib/gcc-arm-embedded/tools/gcc-arm-none-eabi-10-2020-q4-major/bin/../lib/gcc/arm-none-eabi/10.2.1/../../../../arm-none-eabi/lib/thumb/v6-m/nofp\libc_nano.a(lib_a-init.o)
                0x08001f84                __libc_init_array
 .text.memset   0x08001fcc       0x10 c:/programdata/chocolatey/lib/gcc-arm-embedded/tools/gcc-arm-none-eabi-10-2020-q4-major/bin/../lib/gcc/arm-none-eabi/10.2.1/../../../../arm-none-eabi/lib/thumb/v6-m/nofp\libc_nano.a(lib_a-memset.o)
                0x08001fcc                memset
 *(.glue_7)
 .glue_7        0x08001fdc        0x0 linker stubs
 *(.glue_7t)
 .glue_7t       0x08001fdc        0x0 linker stubs
 *(.eh_frame)
 .eh_frame      0x08001fdc        0x0 c:/programdata/chocolatey/lib/gcc-arm-embedded/tools/gcc-arm-none-eabi-10-2020-q4-major/bin/../lib/gcc/arm-none-eabi/10.2.1/thumb/v6-m/nofp/crtbegin.o
 *(.init)
 .init          0x08001fdc        0x4 c:/programdata/chocolatey/lib/gcc-arm-embedded/tools/gcc-arm-none-eabi-10-2020-q4-major/bin/../lib/gcc/arm-none-eabi/10.2.1/thumb/v6-m/nofp/crti.o
                0x08001fdc                _init
 .init          0x08001fe0        0x8 c:/programdata/chocolatey/lib/gcc-arm-embedded/tools/gcc-arm-none-eabi-10-2020-q4-major/bin/../lib/gcc/arm-none-eabi/10.2.1/thumb/v6-m/nofp/crtn.o
 *(.fini)
 .fini          0x08001fe8        0x4 c:/programdata/chocolatey/lib/gcc-arm-embedded/tools/gcc-arm-none-eabi-10-2020-q4-major/bin/../lib/gcc/arm-none-eabi/10.2.1/thumb/v6-m/nofp/crti.o
                0x08001fe8                _fini
 .fini          0x08001fec        0x8 c:/programdata/chocolatey/lib/gcc-arm-embedded/tools/gcc-arm-none-eabi-10-2020-q4-major/bin/../lib/gcc/arm-none-eabi/10.2.1/thumb/v6-m/nofp/crtn.o
                0x08001ff4                . = ALIGN (0x4)
                0x08001ff4                _etext = .

.vfp11_veneer   0x08001ff4        0x0
 .vfp11_veneer  0x08001ff4        0x0 linker stubs

.v4_bx          0x08001ff4        0x0
 .v4_bx         0x08001ff4        0x0 linker stubs

.iplt           0x08001ff4        0x0
 .iplt          0x08001ff4        0x0 c:/programdata/chocolatey/lib/gcc-arm-embedded/tools/gcc-arm-none-eabi-10-2020-q4-major/bin/../lib/gcc/arm-none-eabi/10.2.1/thumb/v6-m/nofp/crtbegin.o

.rodata         0x08001ff4       0x88
                0x08001ff4                . = ALIGN (0x4)
 *(.rodata)
 *(.rodata*)
 .rodata.main.str1.4
                0x08001ff4       0x19 build/main.o
 *fill*         0x0800200d        0x3 
 .rodata.UART_SetConfig
                0x08002010       0x48 build/stm32l0xx_hal_uart.o
 .rodata.AHBPrescTable
                0x08002058       0x10 build/system_stm32l0xx.o
                0x08002058                AHBPrescTable
 .rodata.APBPrescTable
                0x08002068        0x8 build/system_stm32l0xx.o
                0x08002068                APBPrescTable
 .rodata.PLLMulTable
                0x08002070        0x9 build/system_stm32l0xx.o
                0x08002070                PLLMulTable
                0x0800207c                . = ALIGN (0x4)
 *fill*         0x08002079        0x3 

.ARM.extab
 *(.ARM.extab* .gnu.linkonce.armextab.*)

.ARM            0x0800207c        0x8
                0x0800207c                __exidx_start = .
 *(.ARM.exidx*)
 .ARM.exidx     0x0800207c        0x8 c:/programdata/chocolatey/lib/gcc-arm-embedded/tools/gcc-arm-none-eabi-10-2020-q4-major/bin/../lib/gcc/arm-none-eabi/10.2.1/thumb/v6-m/nofp\libgcc.a(_udivmoddi4.o)
                0x08002084                __exidx_end = .

.rel.dyn        0x08002084        0x0
 .rel.iplt      0x08002084        0x0 c:/programdata/chocolatey/lib/gcc-arm-embedded/tools/gcc-arm-none-eabi-10-2020-q4-major/bin/../lib/gcc/arm-none-eabi/10.2.1/thumb/v6-m/nofp/crtbegin.o

.preinit_array  0x08002084        0x0
                0x08002084                PROVIDE (__preinit_array_start = .)
 *(.preinit_array*)
                0x08002084                PROVIDE (__preinit_array_end = .)

.init_array     0x08002084        0x4
                0x08002084                PROVIDE (__init_array_start = .)
 *(SORT_BY_NAME(.init_array.*))
 *(.init_array*)
 .init_array    0x08002084        0x4 c:/programdata/chocolatey/lib/gcc-arm-embedded/tools/gcc-arm-none-eabi-10-2020-q4-major/bin/../lib/gcc/arm-none-eabi/10.2.1/thumb/v6-m/nofp/crtbegin.o
                0x08002088                PROVIDE (__init_array_end = .)

.fini_array     0x08002088        0x4
                [!provide]                PROVIDE (__fini_array_start = .)
 *(SORT_BY_NAME(.fini_array.*))
 *(.fini_array*)
 .fini_array    0x08002088        0x4 c:/programdata/chocolatey/lib/gcc-arm-embedded/tools/gcc-arm-none-eabi-10-2020-q4-major/bin/../lib/gcc/arm-none-eabi/10.2.1/thumb/v6-m/nofp/crtbegin.o
                [!provide]                PROVIDE (__fini_array_end = .)
                0x0800208c                _sidata = LOADADDR (.data)

.data           0x20000000        0xc load address 0x0800208c
                0x20000000                . = ALIGN (0x4)
                0x20000000                _sdata = .
 *(.data)
 *(.data*)
 .data.uwTickFreq
                0x20000000        0x1 build/stm32l0xx_hal.o
                0x20000000                uwTickFreq
 *fill*         0x20000001        0x3 
 .data.uwTickPrio
                0x20000004        0x4 build/stm32l0xx_hal.o
                0x20000004                uwTickPrio
 .data.SystemCoreClock
                0x20000008        0x4 build/system_stm32l0xx.o
                0x20000008                SystemCoreClock
                0x2000000c                . = ALIGN (0x4)
                0x2000000c                _edata = .

.igot.plt       0x2000000c        0x0 load address 0x08002098
 .igot.plt      0x2000000c        0x0 c:/programdata/chocolatey/lib/gcc-arm-embedded/tools/gcc-arm-none-eabi-10-2020-q4-major/bin/../lib/gcc/arm-none-eabi/10.2.1/thumb/v6-m/nofp/crtbegin.o
                0x2000000c                . = ALIGN (0x4)

.bss            0x2000000c      0x128 load address 0x08002098
                0x2000000c                _sbss = .
                0x2000000c                __bss_start__ = _sbss
 *(.bss)
 .bss           0x2000000c       0x1c c:/programdata/chocolatey/lib/gcc-arm-embedded/tools/gcc-arm-none-eabi-10-2020-q4-major/bin/../lib/gcc/arm-none-eabi/10.2.1/thumb/v6-m/nofp/crtbegin.o
 *(.bss*)
 .bss.addr_buffer
                0x20000028        0x1 build/main.o
                0x20000028                addr_buffer
 *fill*         0x20000029        0x3 
 .bss.hcrc      0x2000002c       0x24 build/main.o
                0x2000002c                hcrc
 .bss.hlpuart1  0x20000050       0x84 build/main.o
                0x20000050                hlpuart1
 .bss.hspi1     0x200000d4       0x58 build/main.o
                0x200000d4                hspi1
 .bss.currentState
                0x2000012c        0x1 build/stm32l0xx_it.o
                0x2000012c                currentState
 *fill*         0x2000012d        0x3 
 .bss.uwTick    0x20000130        0x4 build/stm32l0xx_hal.o
                0x20000130                uwTick
 *(COMMON)
                0x20000134                . = ALIGN (0x4)
                0x20000134                _ebss = .
                0x20000134                __bss_end__ = _ebss

._user_heap_stack
                0x20000134      0x604 load address 0x08002098
                0x20000138                . = ALIGN (0x8)
 *fill*         0x20000134        0x4 
                [!provide]                PROVIDE (end = .)
                [!provide]                PROVIDE (_end = .)
                0x20000338                . = (. + _Min_Heap_Size)
 *fill*         0x20000138      0x200 
                0x20000738                . = (. + _Min_Stack_Size)
 *fill*         0x20000338      0x400 
                0x20000738                . = ALIGN (0x8)

/DISCARD/
 libc.a(*)
 libm.a(*)
 libgcc.a(*)

.ARM.attributes
                0x00000000       0x28
 *(.ARM.attributes)
 .ARM.attributes
                0x00000000       0x1e c:/programdata/chocolatey/lib/gcc-arm-embedded/tools/gcc-arm-none-eabi-10-2020-q4-major/bin/../lib/gcc/arm-none-eabi/10.2.1/thumb/v6-m/nofp/crti.o
 .ARM.attributes
                0x0000001e       0x2c c:/programdata/chocolatey/lib/gcc-arm-embedded/tools/gcc-arm-none-eabi-10-2020-q4-major/bin/../lib/gcc/arm-none-eabi/10.2.1/thumb/v6-m/nofp/crtbegin.o
 .ARM.attributes
                0x0000004a       0x2c build/main.o
 .ARM.attributes
                0x00000076       0x2c build/stm32l0xx_it.o
 .ARM.attributes
                0x000000a2       0x2c build/stm32l0xx_hal_msp.o
 .ARM.attributes
                0x000000ce       0x2c build/stm32l0xx_hal_crc.o
 .ARM.attributes
                0x000000fa       0x2c build/stm32l0xx_hal_crc_ex.o
 .ARM.attributes
                0x00000126       0x2c build/stm32l0xx_hal.o
 .ARM.attributes
                0x00000152       0x2c build/stm32l0xx_hal_rcc.o
 .ARM.attributes
                0x0000017e       0x2c build/stm32l0xx_hal_rcc_ex.o
 .ARM.attributes
                0x000001aa       0x2c build/stm32l0xx_hal_gpio.o
 .ARM.attributes
                0x000001d6       0x2c build/stm32l0xx_hal_cortex.o
 .ARM.attributes
                0x00000202       0x2c build/stm32l0xx_hal_uart.o
 .ARM.attributes
                0x0000022e       0x2c build/system_stm32l0xx.o
 .ARM.attributes
                0x0000025a       0x2c build/stm32l0xx_hal_spi.o
 .ARM.attributes
                0x00000286       0x22 build/startup_stm32l011xx.o
 .ARM.attributes
                0x000002a8       0x2c c:/programdata/chocolatey/lib/gcc-arm-embedded/tools/gcc-arm-none-eabi-10-2020-q4-major/bin/../lib/gcc/arm-none-eabi/10.2.1/../../../../arm-none-eabi/lib/thumb/v6-m/nofp\libc_nano.a(lib_a-init.o)
 .ARM.attributes
                0x000002d4       0x2c c:/programdata/chocolatey/lib/gcc-arm-embedded/tools/gcc-arm-none-eabi-10-2020-q4-major/bin/../lib/gcc/arm-none-eabi/10.2.1/../../../../arm-none-eabi/lib/thumb/v6-m/nofp\libc_nano.a(lib_a-memset.o)
 .ARM.attributes
                0x00000300       0x1e c:/programdata/chocolatey/lib/gcc-arm-embedded/tools/gcc-arm-none-eabi-10-2020-q4-major/bin/../lib/gcc/arm-none-eabi/10.2.1/thumb/v6-m/nofp\libgcc.a(_udivsi3.o)
 .ARM.attributes
                0x0000031e       0x1e c:/programdata/chocolatey/lib/gcc-arm-embedded/tools/gcc-arm-none-eabi-10-2020-q4-major/bin/../lib/gcc/arm-none-eabi/10.2.1/thumb/v6-m/nofp\libgcc.a(_dvmd_tls.o)
 .ARM.attributes
                0x0000033c       0x1e c:/programdata/chocolatey/lib/gcc-arm-embedded/tools/gcc-arm-none-eabi-10-2020-q4-major/bin/../lib/gcc/arm-none-eabi/10.2.1/thumb/v6-m/nofp\libgcc.a(_aeabi_uldivmod.o)
 .ARM.attributes
                0x0000035a       0x2c c:/programdata/chocolatey/lib/gcc-arm-embedded/tools/gcc-arm-none-eabi-10-2020-q4-major/bin/../lib/gcc/arm-none-eabi/10.2.1/thumb/v6-m/nofp\libgcc.a(_muldi3.o)
 .ARM.attributes
                0x00000386       0x2c c:/programdata/chocolatey/lib/gcc-arm-embedded/tools/gcc-arm-none-eabi-10-2020-q4-major/bin/../lib/gcc/arm-none-eabi/10.2.1/thumb/v6-m/nofp\libgcc.a(_udivmoddi4.o)
 .ARM.attributes
                0x000003b2       0x1e c:/programdata/chocolatey/lib/gcc-arm-embedded/tools/gcc-arm-none-eabi-10-2020-q4-major/bin/../lib/gcc/arm-none-eabi/10.2.1/thumb/v6-m/nofp\libgcc.a(_clzdi2.o)
 .ARM.attributes
                0x000003d0       0x1e c:/programdata/chocolatey/lib/gcc-arm-embedded/tools/gcc-arm-none-eabi-10-2020-q4-major/bin/../lib/gcc/arm-none-eabi/10.2.1/thumb/v6-m/nofp\libgcc.a(_clzsi2.o)
 .ARM.attributes
                0x000003ee       0x1e c:/programdata/chocolatey/lib/gcc-arm-embedded/tools/gcc-arm-none-eabi-10-2020-q4-major/bin/../lib/gcc/arm-none-eabi/10.2.1/thumb/v6-m/nofp/crtn.o
OUTPUT(build/VICOMTest.elf elf32-littlearm)
LOAD linker stubs
LOAD c:/programdata/chocolatey/lib/gcc-arm-embedded/tools/gcc-arm-none-eabi-10-2020-q4-major/bin/../lib/gcc/arm-none-eabi/10.2.1/../../../../arm-none-eabi/lib/thumb/v6-m/nofp\libc.a
LOAD c:/programdata/chocolatey/lib/gcc-arm-embedded/tools/gcc-arm-none-eabi-10-2020-q4-major/bin/../lib/gcc/arm-none-eabi/10.2.1/../../../../arm-none-eabi/lib/thumb/v6-m/nofp\libm.a
LOAD c:/programdata/chocolatey/lib/gcc-arm-embedded/tools/gcc-arm-none-eabi-10-2020-q4-major/bin/../lib/gcc/arm-none-eabi/10.2.1/thumb/v6-m/nofp\libgcc.a

.debug_info     0x00000000     0xd5e9
 .debug_info    0x00000000     0x1539 build/main.o
 .debug_info    0x00001539      0x265 build/stm32l0xx_it.o
 .debug_info    0x0000179e     0x1185 build/stm32l0xx_hal_msp.o
 .debug_info    0x00002923      0x688 build/stm32l0xx_hal_crc.o
 .debug_info    0x00002fab      0x3dd build/stm32l0xx_hal_crc_ex.o
 .debug_info    0x00003388      0x9cf build/stm32l0xx_hal.o
 .debug_info    0x00003d57      0xcd8 build/stm32l0xx_hal_rcc.o
 .debug_info    0x00004a2f      0x5cc build/stm32l0xx_hal_rcc_ex.o
 .debug_info    0x00004ffb      0x763 build/stm32l0xx_hal_gpio.o
 .debug_info    0x0000575e      0x885 build/stm32l0xx_hal_cortex.o
 .debug_info    0x00005fe3     0x5267 build/stm32l0xx_hal_uart.o
 .debug_info    0x0000b24a      0x383 build/system_stm32l0xx.o
 .debug_info    0x0000b5cd     0x1ffa build/stm32l0xx_hal_spi.o
 .debug_info    0x0000d5c7       0x22 build/startup_stm32l011xx.o

.debug_abbrev   0x00000000     0x1bac
 .debug_abbrev  0x00000000      0x274 build/main.o
 .debug_abbrev  0x00000274      0x147 build/stm32l0xx_it.o
 .debug_abbrev  0x000003bb      0x215 build/stm32l0xx_hal_msp.o
 .debug_abbrev  0x000005d0      0x1df build/stm32l0xx_hal_crc.o
 .debug_abbrev  0x000007af      0x133 build/stm32l0xx_hal_crc_ex.o
 .debug_abbrev  0x000008e2      0x29c build/stm32l0xx_hal.o
 .debug_abbrev  0x00000b7e      0x2b6 build/stm32l0xx_hal_rcc.o
 .debug_abbrev  0x00000e34      0x1ef build/stm32l0xx_hal_rcc_ex.o
 .debug_abbrev  0x00001023      0x211 build/stm32l0xx_hal_gpio.o
 .debug_abbrev  0x00001234      0x279 build/stm32l0xx_hal_cortex.o
 .debug_abbrev  0x000014ad      0x319 build/stm32l0xx_hal_uart.o
 .debug_abbrev  0x000017c6      0x134 build/system_stm32l0xx.o
 .debug_abbrev  0x000018fa      0x2a0 build/stm32l0xx_hal_spi.o
 .debug_abbrev  0x00001b9a       0x12 build/startup_stm32l011xx.o

.debug_loc      0x00000000     0x8e29
 .debug_loc     0x00000000       0xe5 build/main.o
 .debug_loc     0x000000e5       0x48 build/stm32l0xx_it.o
 .debug_loc     0x0000012d      0x20c build/stm32l0xx_hal_msp.o
 .debug_loc     0x00000339      0x66c build/stm32l0xx_hal_crc.o
 .debug_loc     0x000009a5      0x226 build/stm32l0xx_hal_crc_ex.o
 .debug_loc     0x00000bcb      0x212 build/stm32l0xx_hal.o
 .debug_loc     0x00000ddd      0x815 build/stm32l0xx_hal_rcc.o
 .debug_loc     0x000015f2      0x592 build/stm32l0xx_hal_rcc_ex.o
 .debug_loc     0x00001b84      0x44c build/stm32l0xx_hal_gpio.o
 .debug_loc     0x00001fd0      0x473 build/stm32l0xx_hal_cortex.o
 .debug_loc     0x00002443     0x4261 build/stm32l0xx_hal_uart.o
 .debug_loc     0x000066a4      0x20f build/system_stm32l0xx.o
 .debug_loc     0x000068b3     0x2576 build/stm32l0xx_hal_spi.o

.debug_aranges  0x00000000      0x860
 .debug_aranges
                0x00000000       0x50 build/main.o
 .debug_aranges
                0x00000050       0x48 build/stm32l0xx_it.o
 .debug_aranges
                0x00000098       0x50 build/stm32l0xx_hal_msp.o
 .debug_aranges
                0x000000e8       0x60 build/stm32l0xx_hal_crc.o
 .debug_aranges
                0x00000148       0x30 build/stm32l0xx_hal_crc_ex.o
 .debug_aranges
                0x00000178      0x110 build/stm32l0xx_hal.o
 .debug_aranges
                0x00000288       0x68 build/stm32l0xx_hal_rcc.o
 .debug_aranges
                0x000002f0       0x58 build/stm32l0xx_hal_rcc_ex.o
 .debug_aranges
                0x00000348       0x58 build/stm32l0xx_hal_gpio.o
 .debug_aranges
                0x000003a0       0x78 build/stm32l0xx_hal_cortex.o
 .debug_aranges
                0x00000418      0x228 build/stm32l0xx_hal_uart.o
 .debug_aranges
                0x00000640       0x28 build/system_stm32l0xx.o
 .debug_aranges
                0x00000668      0x1d0 build/stm32l0xx_hal_spi.o
 .debug_aranges
                0x00000838       0x28 build/startup_stm32l011xx.o

.debug_ranges   0x00000000      0x818
 .debug_ranges  0x00000000       0x40 build/main.o
 .debug_ranges  0x00000040       0x38 build/stm32l0xx_it.o
 .debug_ranges  0x00000078       0x40 build/stm32l0xx_hal_msp.o
 .debug_ranges  0x000000b8       0x50 build/stm32l0xx_hal_crc.o
 .debug_ranges  0x00000108       0x20 build/stm32l0xx_hal_crc_ex.o
 .debug_ranges  0x00000128      0x100 build/stm32l0xx_hal.o
 .debug_ranges  0x00000228       0x88 build/stm32l0xx_hal_rcc.o
 .debug_ranges  0x000002b0       0x48 build/stm32l0xx_hal_rcc_ex.o
 .debug_ranges  0x000002f8       0x48 build/stm32l0xx_hal_gpio.o
 .debug_ranges  0x00000340       0xc8 build/stm32l0xx_hal_cortex.o
 .debug_ranges  0x00000408      0x218 build/stm32l0xx_hal_uart.o
 .debug_ranges  0x00000620       0x18 build/system_stm32l0xx.o
 .debug_ranges  0x00000638      0x1c0 build/stm32l0xx_hal_spi.o
 .debug_ranges  0x000007f8       0x20 build/startup_stm32l011xx.o

.debug_line     0x00000000     0xa123
 .debug_line    0x00000000      0x58b build/main.o
 .debug_line    0x0000058b      0x27e build/stm32l0xx_it.o
 .debug_line    0x00000809      0x422 build/stm32l0xx_hal_msp.o
 .debug_line    0x00000c2b      0x658 build/stm32l0xx_hal_crc.o
 .debug_line    0x00001283      0x2f0 build/stm32l0xx_hal_crc_ex.o
 .debug_line    0x00001573      0x642 build/stm32l0xx_hal.o
 .debug_line    0x00001bb5      0xd1a build/stm32l0xx_hal_rcc.o
 .debug_line    0x000028cf      0x6b9 build/stm32l0xx_hal_rcc_ex.o
 .debug_line    0x00002f88      0x689 build/stm32l0xx_hal_gpio.o
 .debug_line    0x00003611      0x54f build/stm32l0xx_hal_cortex.o
 .debug_line    0x00003b60     0x3dae build/stm32l0xx_hal_uart.o
 .debug_line    0x0000790e      0x2a5 build/system_stm32l0xx.o
 .debug_line    0x00007bb3     0x24e7 build/stm32l0xx_hal_spi.o
 .debug_line    0x0000a09a       0x89 build/startup_stm32l011xx.o

.debug_str      0x00000000     0x2846
 .debug_str     0x00000000      0xc53 build/main.o
                                0xd0e (size before relaxing)
 .debug_str     0x00000c53       0xae build/stm32l0xx_it.o
                                0x22f (size before relaxing)
 .debug_str     0x00000d01      0x21f build/stm32l0xx_hal_msp.o
                                0xb81 (size before relaxing)
 .debug_str     0x00000f20       0xe0 build/stm32l0xx_hal_crc.o
                                0x465 (size before relaxing)
 .debug_str     0x00001000       0xa1 build/stm32l0xx_hal_crc_ex.o
                                0x41f (size before relaxing)
 .debug_str     0x000010a1      0x422 build/stm32l0xx_hal.o
                                0x7d9 (size before relaxing)
 .debug_str     0x000014c3      0x1c8 build/stm32l0xx_hal_rcc.o
                                0x68f (size before relaxing)
 .debug_str     0x0000168b      0x13a build/stm32l0xx_hal_rcc_ex.o
                                0x4a2 (size before relaxing)
 .debug_str     0x000017c5       0xd5 build/stm32l0xx_hal_gpio.o
                                0x42c (size before relaxing)
 .debug_str     0x0000189a      0x252 build/stm32l0xx_hal_cortex.o
                                0x588 (size before relaxing)
 .debug_str     0x00001aec      0x7d6 build/stm32l0xx_hal_uart.o
                                0xf27 (size before relaxing)
 .debug_str     0x000022c2       0x5e build/system_stm32l0xx.o
                                0x2ac (size before relaxing)
 .debug_str     0x00002320      0x502 build/stm32l0xx_hal_spi.o
                                0xb5c (size before relaxing)
 .debug_str     0x00002822       0x24 build/startup_stm32l011xx.o
                                 0x4a (size before relaxing)

.comment        0x00000000       0x4d
 .comment       0x00000000       0x4d build/main.o
                                 0x4e (size before relaxing)
 .comment       0x0000004d       0x4e build/stm32l0xx_it.o
 .comment       0x0000004d       0x4e build/stm32l0xx_hal_msp.o
 .comment       0x0000004d       0x4e build/stm32l0xx_hal_crc.o
 .comment       0x0000004d       0x4e build/stm32l0xx_hal_crc_ex.o
 .comment       0x0000004d       0x4e build/stm32l0xx_hal.o
 .comment       0x0000004d       0x4e build/stm32l0xx_hal_rcc.o
 .comment       0x0000004d       0x4e build/stm32l0xx_hal_rcc_ex.o
 .comment       0x0000004d       0x4e build/stm32l0xx_hal_gpio.o
 .comment       0x0000004d       0x4e build/stm32l0xx_hal_cortex.o
 .comment       0x0000004d       0x4e build/stm32l0xx_hal_uart.o
 .comment       0x0000004d       0x4e build/system_stm32l0xx.o
 .comment       0x0000004d       0x4e build/stm32l0xx_hal_spi.o

.debug_frame    0x00000000     0x157c
 .debug_frame   0x00000000       0xc0 build/main.o
 .debug_frame   0x000000c0       0x78 build/stm32l0xx_it.o
 .debug_frame   0x00000138       0xb0 build/stm32l0xx_hal_msp.o
 .debug_frame   0x000001e8       0xe4 build/stm32l0xx_hal_crc.o
 .debug_frame   0x000002cc       0x5c build/stm32l0xx_hal_crc_ex.o
 .debug_frame   0x00000328      0x22c build/stm32l0xx_hal.o
 .debug_frame   0x00000554      0x10c build/stm32l0xx_hal_rcc.o
 .debug_frame   0x00000660       0xac build/stm32l0xx_hal_rcc_ex.o
 .debug_frame   0x0000070c       0xc0 build/stm32l0xx_hal_gpio.o
 .debug_frame   0x000007cc       0xe4 build/stm32l0xx_hal_cortex.o
 .debug_frame   0x000008b0      0x63c build/stm32l0xx_hal_uart.o
 .debug_frame   0x00000eec       0x38 build/system_stm32l0xx.o
 .debug_frame   0x00000f24      0x57c build/stm32l0xx_hal_spi.o
 .debug_frame   0x000014a0       0x2c c:/programdata/chocolatey/lib/gcc-arm-embedded/tools/gcc-arm-none-eabi-10-2020-q4-major/bin/../lib/gcc/arm-none-eabi/10.2.1/../../../../arm-none-eabi/lib/thumb/v6-m/nofp\libc_nano.a(lib_a-init.o)
 .debug_frame   0x000014cc       0x20 c:/programdata/chocolatey/lib/gcc-arm-embedded/tools/gcc-arm-none-eabi-10-2020-q4-major/bin/../lib/gcc/arm-none-eabi/10.2.1/../../../../arm-none-eabi/lib/thumb/v6-m/nofp\libc_nano.a(lib_a-memset.o)
 .debug_frame   0x000014ec       0x20 c:/programdata/chocolatey/lib/gcc-arm-embedded/tools/gcc-arm-none-eabi-10-2020-q4-major/bin/../lib/gcc/arm-none-eabi/10.2.1/thumb/v6-m/nofp\libgcc.a(_udivsi3.o)
 .debug_frame   0x0000150c       0x34 c:/programdata/chocolatey/lib/gcc-arm-embedded/tools/gcc-arm-none-eabi-10-2020-q4-major/bin/../lib/gcc/arm-none-eabi/10.2.1/thumb/v6-m/nofp\libgcc.a(_muldi3.o)
 .debug_frame   0x00001540       0x3c c:/programdata/chocolatey/lib/gcc-arm-embedded/tools/gcc-arm-none-eabi-10-2020-q4-major/bin/../lib/gcc/arm-none-eabi/10.2.1/thumb/v6-m/nofp\libgcc.a(_udivmoddi4.o)

Cross Reference Table

Symbol                                            File
ADC1_COMP_IRQHandler                              build/startup_stm32l011xx.o
AHBPrescTable                                     build/system_stm32l0xx.o
                                                  build/stm32l0xx_hal_rcc.o
APBPrescTable                                     build/system_stm32l0xx.o
                                                  build/stm32l0xx_hal_rcc.o
DMA1_Channel1_IRQHandler                          build/startup_stm32l011xx.o
DMA1_Channel2_3_IRQHandler                        build/startup_stm32l011xx.o
DMA1_Channel4_5_IRQHandler                        build/startup_stm32l011xx.o
Default_Handler                                   build/startup_stm32l011xx.o
EXTI0_1_IRQHandler                                build/startup_stm32l011xx.o
EXTI2_3_IRQHandler                                build/startup_stm32l011xx.o
EXTI4_15_IRQHandler                               build/startup_stm32l011xx.o
Error_Handler                                     build/main.o
FLASH_IRQHandler                                  build/startup_stm32l011xx.o
FLASH_PageErase                                   build/stm32l0xx_hal_flash_ex.o
                                                  build/stm32l0xx_hal_flash.o
FLASH_WaitForLastOperation                        build/stm32l0xx_hal_flash.o
                                                  build/stm32l0xx_hal_flash_ex.o
HAL_CRCEx_Input_Data_Reverse                      build/stm32l0xx_hal_crc_ex.o
HAL_CRCEx_Output_Data_Reverse                     build/stm32l0xx_hal_crc_ex.o
HAL_CRCEx_Polynomial_Set                          build/stm32l0xx_hal_crc_ex.o
                                                  build/stm32l0xx_hal_crc.o
HAL_CRC_Accumulate                                build/stm32l0xx_hal_crc.o
HAL_CRC_Calculate                                 build/stm32l0xx_hal_crc.o
HAL_CRC_DeInit                                    build/stm32l0xx_hal_crc.o
HAL_CRC_GetState                                  build/stm32l0xx_hal_crc.o
HAL_CRC_Init                                      build/stm32l0xx_hal_crc.o
                                                  build/main.o
HAL_CRC_MspDeInit                                 build/stm32l0xx_hal_msp.o
HAL_CRC_MspInit                                   build/stm32l0xx_hal_msp.o
HAL_DBGMCU_DBG_DisableLowPowerConfig              build/stm32l0xx_hal.o
HAL_DBGMCU_DBG_EnableLowPowerConfig               build/stm32l0xx_hal.o
HAL_DBGMCU_DisableDBGSleepMode                    build/stm32l0xx_hal.o
HAL_DBGMCU_DisableDBGStandbyMode                  build/stm32l0xx_hal.o
HAL_DBGMCU_DisableDBGStopMode                     build/stm32l0xx_hal.o
HAL_DBGMCU_EnableDBGSleepMode                     build/stm32l0xx_hal.o
HAL_DBGMCU_EnableDBGStandbyMode                   build/stm32l0xx_hal.o
HAL_DBGMCU_EnableDBGStopMode                      build/stm32l0xx_hal.o
HAL_DMA_Abort                                     build/stm32l0xx_hal_dma.o
                                                  build/stm32l0xx_hal_spi.o
                                                  build/stm32l0xx_hal_uart.o
HAL_DMA_Abort_IT                                  build/stm32l0xx_hal_dma.o
                                                  build/stm32l0xx_hal_spi.o
                                                  build/stm32l0xx_hal_uart.o
                                                  build/stm32l0xx_hal_i2c.o
HAL_DMA_DeInit                                    build/stm32l0xx_hal_dma.o
HAL_DMA_GetError                                  build/stm32l0xx_hal_dma.o
                                                  build/stm32l0xx_hal_uart.o
HAL_DMA_GetState                                  build/stm32l0xx_hal_dma.o
                                                  build/stm32l0xx_hal_i2c.o
HAL_DMA_IRQHandler                                build/stm32l0xx_hal_dma.o
HAL_DMA_Init                                      build/stm32l0xx_hal_dma.o
HAL_DMA_PollForTransfer                           build/stm32l0xx_hal_dma.o
HAL_DMA_RegisterCallback                          build/stm32l0xx_hal_dma.o
HAL_DMA_Start                                     build/stm32l0xx_hal_dma.o
HAL_DMA_Start_IT                                  build/stm32l0xx_hal_dma.o
                                                  build/stm32l0xx_hal_spi.o
                                                  build/stm32l0xx_hal_uart.o
                                                  build/stm32l0xx_hal_i2c.o
HAL_DMA_UnRegisterCallback                        build/stm32l0xx_hal_dma.o
HAL_DeInit                                        build/stm32l0xx_hal.o
HAL_Delay                                         build/stm32l0xx_hal.o
HAL_EXTI_ClearConfigLine                          build/stm32l0xx_hal_exti.o
HAL_EXTI_ClearPending                             build/stm32l0xx_hal_exti.o
HAL_EXTI_GenerateSWI                              build/stm32l0xx_hal_exti.o
HAL_EXTI_GetConfigLine                            build/stm32l0xx_hal_exti.o
HAL_EXTI_GetHandle                                build/stm32l0xx_hal_exti.o
HAL_EXTI_GetPending                               build/stm32l0xx_hal_exti.o
HAL_EXTI_IRQHandler                               build/stm32l0xx_hal_exti.o
HAL_EXTI_RegisterCallback                         build/stm32l0xx_hal_exti.o
HAL_EXTI_SetConfigLine                            build/stm32l0xx_hal_exti.o
HAL_FLASHEx_AdvOBGetConfig                        build/stm32l0xx_hal_flash_ex.o
HAL_FLASHEx_AdvOBProgram                          build/stm32l0xx_hal_flash_ex.o
HAL_FLASHEx_DATAEEPROM_DisableFixedTimeProgram    build/stm32l0xx_hal_flash_ex.o
HAL_FLASHEx_DATAEEPROM_EnableFixedTimeProgram     build/stm32l0xx_hal_flash_ex.o
HAL_FLASHEx_DATAEEPROM_Erase                      build/stm32l0xx_hal_flash_ex.o
HAL_FLASHEx_DATAEEPROM_Lock                       build/stm32l0xx_hal_flash_ex.o
HAL_FLASHEx_DATAEEPROM_Program                    build/stm32l0xx_hal_flash_ex.o
HAL_FLASHEx_DATAEEPROM_Unlock                     build/stm32l0xx_hal_flash_ex.o
HAL_FLASHEx_DisableRunPowerDown                   build/stm32l0xx_hal_flash_ramfunc.o
HAL_FLASHEx_EnableRunPowerDown                    build/stm32l0xx_hal_flash_ramfunc.o
HAL_FLASHEx_Erase                                 build/stm32l0xx_hal_flash_ex.o
HAL_FLASHEx_Erase_IT                              build/stm32l0xx_hal_flash_ex.o
HAL_FLASHEx_GetError                              build/stm32l0xx_hal_flash_ramfunc.o
HAL_FLASHEx_HalfPageProgram                       build/stm32l0xx_hal_flash_ramfunc.o
HAL_FLASHEx_OBGetConfig                           build/stm32l0xx_hal_flash_ex.o
HAL_FLASHEx_OBProgram                             build/stm32l0xx_hal_flash_ex.o
HAL_FLASHEx_OB_DeSelectPCROP                      build/stm32l0xx_hal_flash_ex.o
HAL_FLASHEx_OB_SelectPCROP                        build/stm32l0xx_hal_flash_ex.o
HAL_FLASH_EndOfOperationCallback                  build/stm32l0xx_hal_flash.o
HAL_FLASH_GetError                                build/stm32l0xx_hal_flash.o
HAL_FLASH_IRQHandler                              build/stm32l0xx_hal_flash.o
HAL_FLASH_Lock                                    build/stm32l0xx_hal_flash.o
HAL_FLASH_OB_Launch                               build/stm32l0xx_hal_flash.o
HAL_FLASH_OB_Lock                                 build/stm32l0xx_hal_flash.o
HAL_FLASH_OB_Unlock                               build/stm32l0xx_hal_flash.o
HAL_FLASH_OperationErrorCallback                  build/stm32l0xx_hal_flash.o
HAL_FLASH_Program                                 build/stm32l0xx_hal_flash.o
HAL_FLASH_Program_IT                              build/stm32l0xx_hal_flash.o
HAL_FLASH_Unlock                                  build/stm32l0xx_hal_flash.o
HAL_GPIO_DeInit                                   build/stm32l0xx_hal_gpio.o
                                                  build/stm32l0xx_hal_msp.o
HAL_GPIO_EXTI_Callback                            build/stm32l0xx_hal_gpio.o
HAL_GPIO_EXTI_IRQHandler                          build/stm32l0xx_hal_gpio.o
HAL_GPIO_Init                                     build/stm32l0xx_hal_gpio.o
                                                  build/stm32l0xx_hal_rcc.o
                                                  build/stm32l0xx_hal_msp.o
                                                  build/main.o
HAL_GPIO_LockPin                                  build/stm32l0xx_hal_gpio.o
HAL_GPIO_ReadPin                                  build/stm32l0xx_hal_gpio.o
HAL_GPIO_TogglePin                                build/stm32l0xx_hal_gpio.o
HAL_GPIO_WritePin                                 build/stm32l0xx_hal_gpio.o
                                                  build/main.o
HAL_GetDEVID                                      build/stm32l0xx_hal.o
HAL_GetHalVersion                                 build/stm32l0xx_hal.o
HAL_GetREVID                                      build/stm32l0xx_hal.o
HAL_GetTick                                       build/stm32l0xx_hal.o
                                                  build/stm32l0xx_hal_spi.o
                                                  build/stm32l0xx_hal_uart_ex.o
                                                  build/stm32l0xx_hal_uart.o
                                                  build/stm32l0xx_hal_dma.o
                                                  build/stm32l0xx_hal_flash.o
                                                  build/stm32l0xx_hal_rcc_ex.o
                                                  build/stm32l0xx_hal_rcc.o
                                                  build/stm32l0xx_hal_i2c.o
HAL_GetTickFreq                                   build/stm32l0xx_hal.o
HAL_GetTickPrio                                   build/stm32l0xx_hal.o
HAL_GetUIDw0                                      build/stm32l0xx_hal.o
HAL_GetUIDw1                                      build/stm32l0xx_hal.o
HAL_GetUIDw2                                      build/stm32l0xx_hal.o
HAL_HalfDuplex_EnableReceiver                     build/stm32l0xx_hal_uart.o
HAL_HalfDuplex_EnableTransmitter                  build/stm32l0xx_hal_uart.o
HAL_HalfDuplex_Init                               build/stm32l0xx_hal_uart.o
HAL_I2CEx_ConfigAnalogFilter                      build/stm32l0xx_hal_i2c_ex.o
HAL_I2CEx_ConfigDigitalFilter                     build/stm32l0xx_hal_i2c_ex.o
HAL_I2CEx_DisableFastModePlus                     build/stm32l0xx_hal_i2c_ex.o
HAL_I2CEx_DisableWakeUp                           build/stm32l0xx_hal_i2c_ex.o
HAL_I2CEx_EnableFastModePlus                      build/stm32l0xx_hal_i2c_ex.o
HAL_I2CEx_EnableWakeUp                            build/stm32l0xx_hal_i2c_ex.o
HAL_I2C_AbortCpltCallback                         build/stm32l0xx_hal_i2c.o
HAL_I2C_AddrCallback                              build/stm32l0xx_hal_i2c.o
HAL_I2C_DeInit                                    build/stm32l0xx_hal_i2c.o
HAL_I2C_DisableListen_IT                          build/stm32l0xx_hal_i2c.o
HAL_I2C_ER_IRQHandler                             build/stm32l0xx_hal_i2c.o
HAL_I2C_EV_IRQHandler                             build/stm32l0xx_hal_i2c.o
HAL_I2C_EnableListen_IT                           build/stm32l0xx_hal_i2c.o
HAL_I2C_ErrorCallback                             build/stm32l0xx_hal_i2c.o
HAL_I2C_GetError                                  build/stm32l0xx_hal_i2c.o
HAL_I2C_GetMode                                   build/stm32l0xx_hal_i2c.o
HAL_I2C_GetState                                  build/stm32l0xx_hal_i2c.o
HAL_I2C_Init                                      build/stm32l0xx_hal_i2c.o
HAL_I2C_IsDeviceReady                             build/stm32l0xx_hal_i2c.o
HAL_I2C_ListenCpltCallback                        build/stm32l0xx_hal_i2c.o
HAL_I2C_MasterRxCpltCallback                      build/stm32l0xx_hal_i2c.o
HAL_I2C_MasterTxCpltCallback                      build/stm32l0xx_hal_i2c.o
HAL_I2C_Master_Abort_IT                           build/stm32l0xx_hal_i2c.o
HAL_I2C_Master_Receive                            build/stm32l0xx_hal_i2c.o
HAL_I2C_Master_Receive_DMA                        build/stm32l0xx_hal_i2c.o
HAL_I2C_Master_Receive_IT                         build/stm32l0xx_hal_i2c.o
HAL_I2C_Master_Seq_Receive_DMA                    build/stm32l0xx_hal_i2c.o
HAL_I2C_Master_Seq_Receive_IT                     build/stm32l0xx_hal_i2c.o
HAL_I2C_Master_Seq_Transmit_DMA                   build/stm32l0xx_hal_i2c.o
HAL_I2C_Master_Seq_Transmit_IT                    build/stm32l0xx_hal_i2c.o
HAL_I2C_Master_Transmit                           build/stm32l0xx_hal_i2c.o
HAL_I2C_Master_Transmit_DMA                       build/stm32l0xx_hal_i2c.o
HAL_I2C_Master_Transmit_IT                        build/stm32l0xx_hal_i2c.o
HAL_I2C_MemRxCpltCallback                         build/stm32l0xx_hal_i2c.o
HAL_I2C_MemTxCpltCallback                         build/stm32l0xx_hal_i2c.o
HAL_I2C_Mem_Read                                  build/stm32l0xx_hal_i2c.o
HAL_I2C_Mem_Read_DMA                              build/stm32l0xx_hal_i2c.o
HAL_I2C_Mem_Read_IT                               build/stm32l0xx_hal_i2c.o
HAL_I2C_Mem_Write                                 build/stm32l0xx_hal_i2c.o
HAL_I2C_Mem_Write_DMA                             build/stm32l0xx_hal_i2c.o
HAL_I2C_Mem_Write_IT                              build/stm32l0xx_hal_i2c.o
HAL_I2C_MspDeInit                                 build/stm32l0xx_hal_i2c.o
HAL_I2C_MspInit                                   build/stm32l0xx_hal_i2c.o
HAL_I2C_SlaveRxCpltCallback                       build/stm32l0xx_hal_i2c.o
HAL_I2C_SlaveTxCpltCallback                       build/stm32l0xx_hal_i2c.o
HAL_I2C_Slave_Receive                             build/stm32l0xx_hal_i2c.o
HAL_I2C_Slave_Receive_DMA                         build/stm32l0xx_hal_i2c.o
HAL_I2C_Slave_Receive_IT                          build/stm32l0xx_hal_i2c.o
HAL_I2C_Slave_Seq_Receive_DMA                     build/stm32l0xx_hal_i2c.o
HAL_I2C_Slave_Seq_Receive_IT                      build/stm32l0xx_hal_i2c.o
HAL_I2C_Slave_Seq_Transmit_DMA                    build/stm32l0xx_hal_i2c.o
HAL_I2C_Slave_Seq_Transmit_IT                     build/stm32l0xx_hal_i2c.o
HAL_I2C_Slave_Transmit                            build/stm32l0xx_hal_i2c.o
HAL_I2C_Slave_Transmit_DMA                        build/stm32l0xx_hal_i2c.o
HAL_I2C_Slave_Transmit_IT                         build/stm32l0xx_hal_i2c.o
HAL_IncTick                                       build/stm32l0xx_hal.o
                                                  build/stm32l0xx_it.o
HAL_Init                                          build/stm32l0xx_hal.o
                                                  build/main.o
HAL_InitTick                                      build/stm32l0xx_hal.o
                                                  build/stm32l0xx_hal_rcc.o
HAL_LIN_Init                                      build/stm32l0xx_hal_uart.o
HAL_LIN_SendBreak                                 build/stm32l0xx_hal_uart.o
HAL_MspDeInit                                     build/stm32l0xx_hal.o
HAL_MspInit                                       build/stm32l0xx_hal_msp.o
HAL_MultiProcessorEx_AddressLength_Set            build/stm32l0xx_hal_uart_ex.o
HAL_MultiProcessor_DisableMuteMode                build/stm32l0xx_hal_uart.o
HAL_MultiProcessor_EnableMuteMode                 build/stm32l0xx_hal_uart.o
HAL_MultiProcessor_EnterMuteMode                  build/stm32l0xx_hal_uart.o
HAL_MultiProcessor_Init                           build/stm32l0xx_hal_uart.o
HAL_NVIC_ClearPendingIRQ                          build/stm32l0xx_hal_cortex.o
HAL_NVIC_DisableIRQ                               build/stm32l0xx_hal_cortex.o
                                                  build/stm32l0xx_hal_msp.o
HAL_NVIC_EnableIRQ                                build/stm32l0xx_hal_cortex.o
                                                  build/stm32l0xx_hal_msp.o
HAL_NVIC_GetPendingIRQ                            build/stm32l0xx_hal_cortex.o
HAL_NVIC_GetPriority                              build/stm32l0xx_hal_cortex.o
HAL_NVIC_SetPendingIRQ                            build/stm32l0xx_hal_cortex.o
HAL_NVIC_SetPriority                              build/stm32l0xx_hal_cortex.o
                                                  build/stm32l0xx_hal.o
                                                  build/stm32l0xx_hal_msp.o
HAL_NVIC_SystemReset                              build/stm32l0xx_hal_cortex.o
HAL_PWREx_DisableFastWakeUp                       build/stm32l0xx_hal_pwr_ex.o
HAL_PWREx_DisableLowPowerRunMode                  build/stm32l0xx_hal_pwr_ex.o
HAL_PWREx_DisableUltraLowPower                    build/stm32l0xx_hal_pwr_ex.o
HAL_PWREx_EnableFastWakeUp                        build/stm32l0xx_hal_pwr_ex.o
HAL_PWREx_EnableLowPowerRunMode                   build/stm32l0xx_hal_pwr_ex.o
HAL_PWREx_EnableUltraLowPower                     build/stm32l0xx_hal_pwr_ex.o
HAL_PWREx_GetVoltageRange                         build/stm32l0xx_hal_pwr_ex.o
HAL_PWR_ConfigPVD                                 build/stm32l0xx_hal_pwr.o
HAL_PWR_DeInit                                    build/stm32l0xx_hal_pwr.o
HAL_PWR_DisableBkUpAccess                         build/stm32l0xx_hal_pwr.o
HAL_PWR_DisablePVD                                build/stm32l0xx_hal_pwr.o
HAL_PWR_DisableSEVOnPend                          build/stm32l0xx_hal_pwr.o
HAL_PWR_DisableSleepOnExit                        build/stm32l0xx_hal_pwr.o
HAL_PWR_DisableWakeUpPin                          build/stm32l0xx_hal_pwr.o
HAL_PWR_EnableBkUpAccess                          build/stm32l0xx_hal_pwr.o
HAL_PWR_EnablePVD                                 build/stm32l0xx_hal_pwr.o
HAL_PWR_EnableSEVOnPend                           build/stm32l0xx_hal_pwr.o
HAL_PWR_EnableSleepOnExit                         build/stm32l0xx_hal_pwr.o
HAL_PWR_EnableWakeUpPin                           build/stm32l0xx_hal_pwr.o
HAL_PWR_EnterSLEEPMode                            build/stm32l0xx_hal_pwr.o
HAL_PWR_EnterSTANDBYMode                          build/stm32l0xx_hal_pwr.o
HAL_PWR_EnterSTOPMode                             build/stm32l0xx_hal_pwr.o
HAL_PWR_PVDCallback                               build/stm32l0xx_hal_pwr.o
HAL_PWR_PVD_IRQHandler                            build/stm32l0xx_hal_pwr.o
HAL_RCCEx_DisableLSECSS                           build/stm32l0xx_hal_rcc_ex.o
HAL_RCCEx_EnableLSECSS                            build/stm32l0xx_hal_rcc_ex.o
HAL_RCCEx_EnableLSECSS_IT                         build/stm32l0xx_hal_rcc_ex.o
HAL_RCCEx_GetPeriphCLKConfig                      build/stm32l0xx_hal_rcc_ex.o
HAL_RCCEx_GetPeriphCLKFreq                        build/stm32l0xx_hal_rcc_ex.o
HAL_RCCEx_LSECSS_Callback                         build/stm32l0xx_hal_rcc_ex.o
HAL_RCCEx_LSECSS_IRQHandler                       build/stm32l0xx_hal_rcc_ex.o
HAL_RCCEx_PeriphCLKConfig                         build/stm32l0xx_hal_rcc_ex.o
                                                  build/main.o
HAL_RCC_ClockConfig                               build/stm32l0xx_hal_rcc.o
                                                  build/main.o
HAL_RCC_DeInit                                    build/stm32l0xx_hal_rcc.o
HAL_RCC_GetClockConfig                            build/stm32l0xx_hal_rcc.o
HAL_RCC_GetHCLKFreq                               build/stm32l0xx_hal_rcc.o
HAL_RCC_GetOscConfig                              build/stm32l0xx_hal_rcc.o
HAL_RCC_GetPCLK1Freq                              build/stm32l0xx_hal_rcc.o
                                                  build/stm32l0xx_hal_uart.o
                                                  build/stm32l0xx_hal_rcc_ex.o
HAL_RCC_GetPCLK2Freq                              build/stm32l0xx_hal_rcc.o
                                                  build/stm32l0xx_hal_uart.o
HAL_RCC_GetSysClockFreq                           build/stm32l0xx_hal_rcc.o
                                                  build/stm32l0xx_hal_uart.o
                                                  build/stm32l0xx_hal_rcc_ex.o
HAL_RCC_MCOConfig                                 build/stm32l0xx_hal_rcc.o
HAL_RCC_OscConfig                                 build/stm32l0xx_hal_rcc.o
                                                  build/main.o
HAL_RS485Ex_Init                                  build/stm32l0xx_hal_uart_ex.o
HAL_ResumeTick                                    build/stm32l0xx_hal.o
HAL_SPI_Abort                                     build/stm32l0xx_hal_spi.o
HAL_SPI_AbortCpltCallback                         build/stm32l0xx_hal_spi.o
HAL_SPI_Abort_IT                                  build/stm32l0xx_hal_spi.o
HAL_SPI_DMAPause                                  build/stm32l0xx_hal_spi.o
HAL_SPI_DMAResume                                 build/stm32l0xx_hal_spi.o
HAL_SPI_DMAStop                                   build/stm32l0xx_hal_spi.o
HAL_SPI_DeInit                                    build/stm32l0xx_hal_spi.o
HAL_SPI_ErrorCallback                             build/stm32l0xx_hal_spi.o
HAL_SPI_GetError                                  build/stm32l0xx_hal_spi.o
HAL_SPI_GetState                                  build/stm32l0xx_hal_spi.o
HAL_SPI_IRQHandler                                build/stm32l0xx_hal_spi.o
HAL_SPI_Init                                      build/stm32l0xx_hal_spi.o
                                                  build/main.o
HAL_SPI_MspDeInit                                 build/stm32l0xx_hal_msp.o
HAL_SPI_MspInit                                   build/stm32l0xx_hal_msp.o
HAL_SPI_Receive                                   build/stm32l0xx_hal_spi.o
HAL_SPI_Receive_DMA                               build/stm32l0xx_hal_spi.o
HAL_SPI_Receive_IT                                build/stm32l0xx_hal_spi.o
HAL_SPI_RxCpltCallback                            build/stm32l0xx_hal_spi.o
HAL_SPI_RxHalfCpltCallback                        build/stm32l0xx_hal_spi.o
HAL_SPI_Transmit                                  build/stm32l0xx_hal_spi.o
HAL_SPI_TransmitReceive                           build/stm32l0xx_hal_spi.o
HAL_SPI_TransmitReceive_DMA                       build/stm32l0xx_hal_spi.o
HAL_SPI_TransmitReceive_IT                        build/stm32l0xx_hal_spi.o
HAL_SPI_Transmit_DMA                              build/stm32l0xx_hal_spi.o
HAL_SPI_Transmit_IT                               build/stm32l0xx_hal_spi.o
HAL_SPI_TxCpltCallback                            build/stm32l0xx_hal_spi.o
HAL_SPI_TxHalfCpltCallback                        build/stm32l0xx_hal_spi.o
HAL_SPI_TxRxCpltCallback                          build/stm32l0xx_hal_spi.o
HAL_SPI_TxRxHalfCpltCallback                      build/stm32l0xx_hal_spi.o
HAL_SYSCFG_Disable_Lock_VREFINT                   build/stm32l0xx_hal.o
HAL_SYSCFG_Enable_Lock_VREFINT                    build/stm32l0xx_hal.o
HAL_SYSCFG_GetBootMode                            build/stm32l0xx_hal.o
HAL_SYSCFG_VREFINT_OutputSelect                   build/stm32l0xx_hal.o
HAL_SYSTICK_CLKSourceConfig                       build/stm32l0xx_hal_cortex.o
HAL_SYSTICK_Callback                              build/stm32l0xx_hal_cortex.o
HAL_SYSTICK_Config                                build/stm32l0xx_hal_cortex.o
                                                  build/stm32l0xx_hal.o
HAL_SYSTICK_IRQHandler                            build/stm32l0xx_hal_cortex.o
HAL_SetTickFreq                                   build/stm32l0xx_hal.o
HAL_SuspendTick                                   build/stm32l0xx_hal.o
HAL_UARTEx_DisableClockStopMode                   build/stm32l0xx_hal_uart_ex.o
HAL_UARTEx_DisableStopMode                        build/stm32l0xx_hal_uart_ex.o
HAL_UARTEx_EnableClockStopMode                    build/stm32l0xx_hal_uart_ex.o
HAL_UARTEx_EnableStopMode                         build/stm32l0xx_hal_uart_ex.o
HAL_UARTEx_ReceiveToIdle                          build/stm32l0xx_hal_uart_ex.o
HAL_UARTEx_ReceiveToIdle_DMA                      build/stm32l0xx_hal_uart_ex.o
HAL_UARTEx_ReceiveToIdle_IT                       build/stm32l0xx_hal_uart_ex.o
HAL_UARTEx_RxEventCallback                        build/stm32l0xx_hal_uart.o
HAL_UARTEx_StopModeWakeUpSourceConfig             build/stm32l0xx_hal_uart_ex.o
HAL_UARTEx_WakeupCallback                         build/stm32l0xx_hal_uart_ex.o
                                                  build/stm32l0xx_hal_uart.o
HAL_UART_Abort                                    build/stm32l0xx_hal_uart.o
HAL_UART_AbortCpltCallback                        build/stm32l0xx_hal_uart.o
HAL_UART_AbortReceive                             build/stm32l0xx_hal_uart.o
HAL_UART_AbortReceiveCpltCallback                 build/stm32l0xx_hal_uart.o
HAL_UART_AbortReceive_IT                          build/stm32l0xx_hal_uart.o
HAL_UART_AbortTransmit                            build/stm32l0xx_hal_uart.o
HAL_UART_AbortTransmitCpltCallback                build/stm32l0xx_hal_uart.o
HAL_UART_AbortTransmit_IT                         build/stm32l0xx_hal_uart.o
HAL_UART_Abort_IT                                 build/stm32l0xx_hal_uart.o
HAL_UART_DMAPause                                 build/stm32l0xx_hal_uart.o
HAL_UART_DMAResume                                build/stm32l0xx_hal_uart.o
HAL_UART_DMAStop                                  build/stm32l0xx_hal_uart.o
HAL_UART_DeInit                                   build/stm32l0xx_hal_uart.o
HAL_UART_DisableReceiverTimeout                   build/stm32l0xx_hal_uart.o
HAL_UART_EnableReceiverTimeout                    build/stm32l0xx_hal_uart.o
HAL_UART_ErrorCallback                            build/stm32l0xx_hal_uart.o
HAL_UART_GetError                                 build/stm32l0xx_hal_uart.o
HAL_UART_GetState                                 build/stm32l0xx_hal_uart.o
HAL_UART_IRQHandler                               build/stm32l0xx_hal_uart.o
HAL_UART_Init                                     build/stm32l0xx_hal_uart.o
                                                  build/main.o
HAL_UART_MspDeInit                                build/stm32l0xx_hal_msp.o
HAL_UART_MspInit                                  build/stm32l0xx_hal_msp.o
                                                  build/stm32l0xx_hal_uart_ex.o
HAL_UART_Receive                                  build/stm32l0xx_hal_uart.o
HAL_UART_Receive_DMA                              build/stm32l0xx_hal_uart.o
HAL_UART_Receive_IT                               build/stm32l0xx_hal_uart.o
                                                  build/main.o
HAL_UART_ReceiverTimeout_Config                   build/stm32l0xx_hal_uart.o
HAL_UART_RxCpltCallback                           build/stm32l0xx_hal_uart.o
HAL_UART_RxHalfCpltCallback                       build/stm32l0xx_hal_uart.o
HAL_UART_Transmit                                 build/stm32l0xx_hal_uart.o
                                                  build/main.o
HAL_UART_Transmit_DMA                             build/stm32l0xx_hal_uart.o
HAL_UART_Transmit_IT                              build/stm32l0xx_hal_uart.o
HAL_UART_TxCpltCallback                           build/stm32l0xx_hal_uart.o
HAL_UART_TxHalfCpltCallback                       build/stm32l0xx_hal_uart.o
HardFault_Handler                                 build/stm32l0xx_it.o
I2C1_IRQHandler                                   build/startup_stm32l011xx.o
LPTIM1_IRQHandler                                 build/startup_stm32l011xx.o
LPUART1_IRQHandler                                build/stm32l0xx_it.o
NMI_Handler                                       build/stm32l0xx_it.o
PLLMulTable                                       build/system_stm32l0xx.o
                                                  build/stm32l0xx_hal_rcc.o
PVD_IRQHandler                                    build/startup_stm32l011xx.o
PendSV_Handler                                    build/stm32l0xx_it.o
RCC_IRQHandler                                    build/startup_stm32l011xx.o
RTC_IRQHandler                                    build/startup_stm32l011xx.o
Reset_Handler                                     build/startup_stm32l011xx.o
SPI1_IRQHandler                                   build/startup_stm32l011xx.o
SVC_Handler                                       build/stm32l0xx_it.o
SysTick_Handler                                   build/stm32l0xx_it.o
SystemClock_Config                                build/main.o
SystemCoreClock                                   build/system_stm32l0xx.o
                                                  build/stm32l0xx_hal_spi.o
                                                  build/stm32l0xx_hal_pwr_ex.o
                                                  build/stm32l0xx_hal_rcc.o
                                                  build/stm32l0xx_hal.o
SystemCoreClockUpdate                             build/system_stm32l0xx.o
SystemInit                                        build/system_stm32l0xx.o
                                                  build/startup_stm32l011xx.o
TIM21_IRQHandler                                  build/startup_stm32l011xx.o
TIM2_IRQHandler                                   build/startup_stm32l011xx.o
UART_AdvFeatureConfig                             build/stm32l0xx_hal_uart.o
                                                  build/stm32l0xx_hal_uart_ex.o
UART_CheckIdleState                               build/stm32l0xx_hal_uart.o
                                                  build/stm32l0xx_hal_uart_ex.o
UART_SetConfig                                    build/stm32l0xx_hal_uart.o
                                                  build/stm32l0xx_hal_uart_ex.o
UART_Start_Receive_DMA                            build/stm32l0xx_hal_uart.o
                                                  build/stm32l0xx_hal_uart_ex.o
UART_Start_Receive_IT                             build/stm32l0xx_hal_uart.o
                                                  build/stm32l0xx_hal_uart_ex.o
UART_WaitOnFlagUntilTimeout                       build/stm32l0xx_hal_uart.o
                                                  build/stm32l0xx_hal_uart_ex.o
USART2_IRQHandler                                 build/startup_stm32l011xx.o
WWDG_IRQHandler                                   build/startup_stm32l011xx.o
__aeabi_idiv0                                     c:/programdata/chocolatey/lib/gcc-arm-embedded/tools/gcc-arm-none-eabi-10-2020-q4-major/bin/../lib/gcc/arm-none-eabi/10.2.1/thumb/v6-m/nofp\libgcc.a(_dvmd_tls.o)
                                                  c:/programdata/chocolatey/lib/gcc-arm-embedded/tools/gcc-arm-none-eabi-10-2020-q4-major/bin/../lib/gcc/arm-none-eabi/10.2.1/thumb/v6-m/nofp\libgcc.a(_udivsi3.o)
__aeabi_ldiv0                                     c:/programdata/chocolatey/lib/gcc-arm-embedded/tools/gcc-arm-none-eabi-10-2020-q4-major/bin/../lib/gcc/arm-none-eabi/10.2.1/thumb/v6-m/nofp\libgcc.a(_dvmd_tls.o)
                                                  c:/programdata/chocolatey/lib/gcc-arm-embedded/tools/gcc-arm-none-eabi-10-2020-q4-major/bin/../lib/gcc/arm-none-eabi/10.2.1/thumb/v6-m/nofp\libgcc.a(_aeabi_uldivmod.o)
__aeabi_lmul                                      c:/programdata/chocolatey/lib/gcc-arm-embedded/tools/gcc-arm-none-eabi-10-2020-q4-major/bin/../lib/gcc/arm-none-eabi/10.2.1/thumb/v6-m/nofp\libgcc.a(_muldi3.o)
                                                  build/stm32l0xx_hal_rcc.o
__aeabi_uidiv                                     c:/programdata/chocolatey/lib/gcc-arm-embedded/tools/gcc-arm-none-eabi-10-2020-q4-major/bin/../lib/gcc/arm-none-eabi/10.2.1/thumb/v6-m/nofp\libgcc.a(_udivsi3.o)
                                                  build/stm32l0xx_hal_spi.o
                                                  build/system_stm32l0xx.o
                                                  build/stm32l0xx_hal_uart.o
                                                  build/stm32l0xx_hal_pwr_ex.o
                                                  build/stm32l0xx_hal_dma.o
                                                  build/stm32l0xx_hal.o
__aeabi_uidivmod                                  c:/programdata/chocolatey/lib/gcc-arm-embedded/tools/gcc-arm-none-eabi-10-2020-q4-major/bin/../lib/gcc/arm-none-eabi/10.2.1/thumb/v6-m/nofp\libgcc.a(_udivsi3.o)
__aeabi_uldivmod                                  c:/programdata/chocolatey/lib/gcc-arm-embedded/tools/gcc-arm-none-eabi-10-2020-q4-major/bin/../lib/gcc/arm-none-eabi/10.2.1/thumb/v6-m/nofp\libgcc.a(_aeabi_uldivmod.o)
                                                  build/stm32l0xx_hal_uart.o
                                                  build/stm32l0xx_hal_rcc.o
__bss_end__                                       c:/programdata/chocolatey/lib/gcc-arm-embedded/tools/gcc-arm-none-eabi-10-2020-q4-major/bin/../lib/gcc/arm-none-eabi/10.2.1/../../../../arm-none-eabi/lib/thumb/v6-m/nofp/crt0.o
__bss_start__                                     c:/programdata/chocolatey/lib/gcc-arm-embedded/tools/gcc-arm-none-eabi-10-2020-q4-major/bin/../lib/gcc/arm-none-eabi/10.2.1/../../../../arm-none-eabi/lib/thumb/v6-m/nofp/crt0.o
__call_exitprocs                                  c:/programdata/chocolatey/lib/gcc-arm-embedded/tools/gcc-arm-none-eabi-10-2020-q4-major/bin/../lib/gcc/arm-none-eabi/10.2.1/../../../../arm-none-eabi/lib/thumb/v6-m/nofp\libc_nano.a(lib_a-exit.o)
__clzdi2                                          c:/programdata/chocolatey/lib/gcc-arm-embedded/tools/gcc-arm-none-eabi-10-2020-q4-major/bin/../lib/gcc/arm-none-eabi/10.2.1/thumb/v6-m/nofp\libgcc.a(_clzdi2.o)
                                                  c:/programdata/chocolatey/lib/gcc-arm-embedded/tools/gcc-arm-none-eabi-10-2020-q4-major/bin/../lib/gcc/arm-none-eabi/10.2.1/thumb/v6-m/nofp\libgcc.a(_udivmoddi4.o)
__clzsi2                                          c:/programdata/chocolatey/lib/gcc-arm-embedded/tools/gcc-arm-none-eabi-10-2020-q4-major/bin/../lib/gcc/arm-none-eabi/10.2.1/thumb/v6-m/nofp\libgcc.a(_clzsi2.o)
                                                  c:/programdata/chocolatey/lib/gcc-arm-embedded/tools/gcc-arm-none-eabi-10-2020-q4-major/bin/../lib/gcc/arm-none-eabi/10.2.1/thumb/v6-m/nofp\libgcc.a(_clzdi2.o)
__deregister_frame_info                           c:/programdata/chocolatey/lib/gcc-arm-embedded/tools/gcc-arm-none-eabi-10-2020-q4-major/bin/../lib/gcc/arm-none-eabi/10.2.1/thumb/v6-m/nofp/crtbegin.o
__dso_handle                                      c:/programdata/chocolatey/lib/gcc-arm-embedded/tools/gcc-arm-none-eabi-10-2020-q4-major/bin/../lib/gcc/arm-none-eabi/10.2.1/thumb/v6-m/nofp/crtbegin.o
__init_array_end                                  c:/programdata/chocolatey/lib/gcc-arm-embedded/tools/gcc-arm-none-eabi-10-2020-q4-major/bin/../lib/gcc/arm-none-eabi/10.2.1/../../../../arm-none-eabi/lib/thumb/v6-m/nofp\libc_nano.a(lib_a-init.o)
__init_array_start                                c:/programdata/chocolatey/lib/gcc-arm-embedded/tools/gcc-arm-none-eabi-10-2020-q4-major/bin/../lib/gcc/arm-none-eabi/10.2.1/../../../../arm-none-eabi/lib/thumb/v6-m/nofp\libc_nano.a(lib_a-init.o)
__libc_fini_array                                 c:/programdata/chocolatey/lib/gcc-arm-embedded/tools/gcc-arm-none-eabi-10-2020-q4-major/bin/../lib/gcc/arm-none-eabi/10.2.1/../../../../arm-none-eabi/lib/thumb/v6-m/nofp/crt0.o
__libc_init_array                                 c:/programdata/chocolatey/lib/gcc-arm-embedded/tools/gcc-arm-none-eabi-10-2020-q4-major/bin/../lib/gcc/arm-none-eabi/10.2.1/../../../../arm-none-eabi/lib/thumb/v6-m/nofp\libc_nano.a(lib_a-init.o)
                                                  build/startup_stm32l011xx.o
                                                  c:/programdata/chocolatey/lib/gcc-arm-embedded/tools/gcc-arm-none-eabi-10-2020-q4-major/bin/../lib/gcc/arm-none-eabi/10.2.1/../../../../arm-none-eabi/lib/thumb/v6-m/nofp/crt0.o
__muldi3                                          c:/programdata/chocolatey/lib/gcc-arm-embedded/tools/gcc-arm-none-eabi-10-2020-q4-major/bin/../lib/gcc/arm-none-eabi/10.2.1/thumb/v6-m/nofp\libgcc.a(_muldi3.o)
__preinit_array_end                               c:/programdata/chocolatey/lib/gcc-arm-embedded/tools/gcc-arm-none-eabi-10-2020-q4-major/bin/../lib/gcc/arm-none-eabi/10.2.1/../../../../arm-none-eabi/lib/thumb/v6-m/nofp\libc_nano.a(lib_a-init.o)
__preinit_array_start                             c:/programdata/chocolatey/lib/gcc-arm-embedded/tools/gcc-arm-none-eabi-10-2020-q4-major/bin/../lib/gcc/arm-none-eabi/10.2.1/../../../../arm-none-eabi/lib/thumb/v6-m/nofp\libc_nano.a(lib_a-init.o)
__register_frame_info                             c:/programdata/chocolatey/lib/gcc-arm-embedded/tools/gcc-arm-none-eabi-10-2020-q4-major/bin/../lib/gcc/arm-none-eabi/10.2.1/thumb/v6-m/nofp/crtbegin.o
__sf_fake_stderr                                  c:/programdata/chocolatey/lib/gcc-arm-embedded/tools/gcc-arm-none-eabi-10-2020-q4-major/bin/../lib/gcc/arm-none-eabi/10.2.1/../../../../arm-none-eabi/lib/thumb/v6-m/nofp\libc_nano.a(lib_a-impure.o)
__sf_fake_stdin                                   c:/programdata/chocolatey/lib/gcc-arm-embedded/tools/gcc-arm-none-eabi-10-2020-q4-major/bin/../lib/gcc/arm-none-eabi/10.2.1/../../../../arm-none-eabi/lib/thumb/v6-m/nofp\libc_nano.a(lib_a-impure.o)
__sf_fake_stdout                                  c:/programdata/chocolatey/lib/gcc-arm-embedded/tools/gcc-arm-none-eabi-10-2020-q4-major/bin/../lib/gcc/arm-none-eabi/10.2.1/../../../../arm-none-eabi/lib/thumb/v6-m/nofp\libc_nano.a(lib_a-impure.o)
__stack                                           c:/programdata/chocolatey/lib/gcc-arm-embedded/tools/gcc-arm-none-eabi-10-2020-q4-major/bin/../lib/gcc/arm-none-eabi/10.2.1/../../../../arm-none-eabi/lib/thumb/v6-m/nofp/crt0.o
__udivmoddi4                                      c:/programdata/chocolatey/lib/gcc-arm-embedded/tools/gcc-arm-none-eabi-10-2020-q4-major/bin/../lib/gcc/arm-none-eabi/10.2.1/thumb/v6-m/nofp\libgcc.a(_udivmoddi4.o)
                                                  c:/programdata/chocolatey/lib/gcc-arm-embedded/tools/gcc-arm-none-eabi-10-2020-q4-major/bin/../lib/gcc/arm-none-eabi/10.2.1/thumb/v6-m/nofp\libgcc.a(_aeabi_uldivmod.o)
__udivsi3                                         c:/programdata/chocolatey/lib/gcc-arm-embedded/tools/gcc-arm-none-eabi-10-2020-q4-major/bin/../lib/gcc/arm-none-eabi/10.2.1/thumb/v6-m/nofp\libgcc.a(_udivsi3.o)
_ebss                                             build/startup_stm32l011xx.o
_edata                                            build/startup_stm32l011xx.o
_estack                                           build/startup_stm32l011xx.o
_exit                                             c:/programdata/chocolatey/lib/gcc-arm-embedded/tools/gcc-arm-none-eabi-10-2020-q4-major/bin/../lib/gcc/arm-none-eabi/10.2.1/../../../../arm-none-eabi/lib/thumb/v6-m/nofp\libnosys.a(_exit.o)
                                                  c:/programdata/chocolatey/lib/gcc-arm-embedded/tools/gcc-arm-none-eabi-10-2020-q4-major/bin/../lib/gcc/arm-none-eabi/10.2.1/../../../../arm-none-eabi/lib/thumb/v6-m/nofp\libc_nano.a(lib_a-exit.o)
_fini                                             c:/programdata/chocolatey/lib/gcc-arm-embedded/tools/gcc-arm-none-eabi-10-2020-q4-major/bin/../lib/gcc/arm-none-eabi/10.2.1/thumb/v6-m/nofp/crti.o
_global_impure_ptr                                c:/programdata/chocolatey/lib/gcc-arm-embedded/tools/gcc-arm-none-eabi-10-2020-q4-major/bin/../lib/gcc/arm-none-eabi/10.2.1/../../../../arm-none-eabi/lib/thumb/v6-m/nofp\libc_nano.a(lib_a-impure.o)
                                                  c:/programdata/chocolatey/lib/gcc-arm-embedded/tools/gcc-arm-none-eabi-10-2020-q4-major/bin/../lib/gcc/arm-none-eabi/10.2.1/../../../../arm-none-eabi/lib/thumb/v6-m/nofp\libc_nano.a(lib_a-exit.o)
_impure_ptr                                       c:/programdata/chocolatey/lib/gcc-arm-embedded/tools/gcc-arm-none-eabi-10-2020-q4-major/bin/../lib/gcc/arm-none-eabi/10.2.1/../../../../arm-none-eabi/lib/thumb/v6-m/nofp\libc_nano.a(lib_a-impure.o)
_init                                             c:/programdata/chocolatey/lib/gcc-arm-embedded/tools/gcc-arm-none-eabi-10-2020-q4-major/bin/../lib/gcc/arm-none-eabi/10.2.1/thumb/v6-m/nofp/crti.o
                                                  c:/programdata/chocolatey/lib/gcc-arm-embedded/tools/gcc-arm-none-eabi-10-2020-q4-major/bin/../lib/gcc/arm-none-eabi/10.2.1/../../../../arm-none-eabi/lib/thumb/v6-m/nofp\libc_nano.a(lib_a-init.o)
_mainCRTStartup                                   c:/programdata/chocolatey/lib/gcc-arm-embedded/tools/gcc-arm-none-eabi-10-2020-q4-major/bin/../lib/gcc/arm-none-eabi/10.2.1/../../../../arm-none-eabi/lib/thumb/v6-m/nofp/crt0.o
_sbss                                             build/startup_stm32l011xx.o
_sdata                                            build/startup_stm32l011xx.o
_sidata                                           build/startup_stm32l011xx.o
_stack_init                                       c:/programdata/chocolatey/lib/gcc-arm-embedded/tools/gcc-arm-none-eabi-10-2020-q4-major/bin/../lib/gcc/arm-none-eabi/10.2.1/../../../../arm-none-eabi/lib/thumb/v6-m/nofp/crt0.o
_start                                            c:/programdata/chocolatey/lib/gcc-arm-embedded/tools/gcc-arm-none-eabi-10-2020-q4-major/bin/../lib/gcc/arm-none-eabi/10.2.1/../../../../arm-none-eabi/lib/thumb/v6-m/nofp/crt0.o
addr_buffer                                       build/main.o
addressCorrect                                    build/main.o
atexit                                            c:/programdata/chocolatey/lib/gcc-arm-embedded/tools/gcc-arm-none-eabi-10-2020-q4-major/bin/../lib/gcc/arm-none-eabi/10.2.1/../../../../arm-none-eabi/lib/thumb/v6-m/nofp/crt0.o
currentState                                      build/stm32l0xx_it.o
data_buffer                                       build/main.o
exit                                              c:/programdata/chocolatey/lib/gcc-arm-embedded/tools/gcc-arm-none-eabi-10-2020-q4-major/bin/../lib/gcc/arm-none-eabi/10.2.1/../../../../arm-none-eabi/lib/thumb/v6-m/nofp\libc_nano.a(lib_a-exit.o)
                                                  c:/programdata/chocolatey/lib/gcc-arm-embedded/tools/gcc-arm-none-eabi-10-2020-q4-major/bin/../lib/gcc/arm-none-eabi/10.2.1/../../../../arm-none-eabi/lib/thumb/v6-m/nofp/crt0.o
g_pfnVectors                                      build/startup_stm32l011xx.o
hardware_init_hook                                c:/programdata/chocolatey/lib/gcc-arm-embedded/tools/gcc-arm-none-eabi-10-2020-q4-major/bin/../lib/gcc/arm-none-eabi/10.2.1/../../../../arm-none-eabi/lib/thumb/v6-m/nofp/crt0.o
hcrc                                              build/main.o
hlpuart1                                          build/main.o
hspi1                                             build/main.o
main                                              build/main.o
                                                  build/startup_stm32l011xx.o
                                                  c:/programdata/chocolatey/lib/gcc-arm-embedded/tools/gcc-arm-none-eabi-10-2020-q4-major/bin/../lib/gcc/arm-none-eabi/10.2.1/../../../../arm-none-eabi/lib/thumb/v6-m/nofp/crt0.o
memset                                            c:/programdata/chocolatey/lib/gcc-arm-embedded/tools/gcc-arm-none-eabi-10-2020-q4-major/bin/../lib/gcc/arm-none-eabi/10.2.1/../../../../arm-none-eabi/lib/thumb/v6-m/nofp\libc_nano.a(lib_a-memset.o)
                                                  build/stm32l0xx_hal_rcc.o
                                                  build/stm32l0xx_hal_msp.o
                                                  build/main.o
                                                  c:/programdata/chocolatey/lib/gcc-arm-embedded/tools/gcc-arm-none-eabi-10-2020-q4-major/bin/../lib/gcc/arm-none-eabi/10.2.1/../../../../arm-none-eabi/lib/thumb/v6-m/nofp/crt0.o
pFlash                                            build/stm32l0xx_hal_flash.o
                                                  build/stm32l0xx_hal_flash_ex.o
                                                  build/stm32l0xx_hal_flash_ramfunc.o
sizeReceived                                      build/main.o
size_buffer                                       build/main.o
software_init_hook                                c:/programdata/chocolatey/lib/gcc-arm-embedded/tools/gcc-arm-none-eabi-10-2020-q4-major/bin/../lib/gcc/arm-none-eabi/10.2.1/../../../../arm-none-eabi/lib/thumb/v6-m/nofp/crt0.o
uwTick                                            build/stm32l0xx_hal.o
uwTickFreq                                        build/stm32l0xx_hal.o
uwTickPrio                                        build/stm32l0xx_hal.o
                                                  build/stm32l0xx_hal_rcc.o
